-- Logs begin at Tue 2018-10-23 10:19:19 CDT, end at Thu 2018-10-25 10:30:28 CDT. --
Oct 25 10:12:45 cisadmin-VirtualBox kernel: Linux version 4.15.0-38-generic (buildd@lcy01-amd64-023) (gcc version 7.3.0 (Ubuntu 7.3.0-16ubuntu3)) #41-Ubuntu SMP Wed Oct 10 10:59:38 UTC 2018 (Ubuntu 4.15.0-38.41-generic 4.15.18)
Oct 25 10:12:45 cisadmin-VirtualBox kernel: Command line: BOOT_IMAGE=/vmlinuz-4.15.0-38-generic root=/dev/mapper/ubuntu--vg-root ro quiet splash
Oct 25 10:12:45 cisadmin-VirtualBox kernel: KERNEL supported cpus:
Oct 25 10:12:45 cisadmin-VirtualBox kernel:   Intel GenuineIntel
Oct 25 10:12:45 cisadmin-VirtualBox kernel:   AMD AuthenticAMD
Oct 25 10:12:45 cisadmin-VirtualBox kernel:   Centaur CentaurHauls
Oct 25 10:12:45 cisadmin-VirtualBox kernel: x86/fpu: Supporting XSAVE feature 0x001: 'x87 floating point registers'
Oct 25 10:12:45 cisadmin-VirtualBox kernel: x86/fpu: Supporting XSAVE feature 0x002: 'SSE registers'
Oct 25 10:12:45 cisadmin-VirtualBox kernel: x86/fpu: Supporting XSAVE feature 0x004: 'AVX registers'
Oct 25 10:12:45 cisadmin-VirtualBox kernel: x86/fpu: xstate_offset[2]:  576, xstate_sizes[2]:  256
Oct 25 10:12:45 cisadmin-VirtualBox kernel: x86/fpu: Enabled xstate features 0x7, context size is 832 bytes, using 'standard' format.
Oct 25 10:12:45 cisadmin-VirtualBox kernel: e820: BIOS-provided physical RAM map:
Oct 25 10:12:45 cisadmin-VirtualBox kernel: BIOS-e820: [mem 0x0000000000000000-0x000000000009fbff] usable
Oct 25 10:12:45 cisadmin-VirtualBox kernel: BIOS-e820: [mem 0x000000000009fc00-0x000000000009ffff] reserved
Oct 25 10:12:45 cisadmin-VirtualBox kernel: BIOS-e820: [mem 0x00000000000f0000-0x00000000000fffff] reserved
Oct 25 10:12:45 cisadmin-VirtualBox kernel: BIOS-e820: [mem 0x0000000000100000-0x00000000dffeffff] usable
Oct 25 10:12:45 cisadmin-VirtualBox kernel: BIOS-e820: [mem 0x00000000dfff0000-0x00000000dfffffff] ACPI data
Oct 25 10:12:45 cisadmin-VirtualBox kernel: BIOS-e820: [mem 0x00000000fec00000-0x00000000fec00fff] reserved
Oct 25 10:12:45 cisadmin-VirtualBox kernel: BIOS-e820: [mem 0x00000000fee00000-0x00000000fee00fff] reserved
Oct 25 10:12:45 cisadmin-VirtualBox kernel: BIOS-e820: [mem 0x00000000fffc0000-0x00000000ffffffff] reserved
Oct 25 10:12:45 cisadmin-VirtualBox kernel: BIOS-e820: [mem 0x0000000100000000-0x000000011fffffff] usable
Oct 25 10:12:45 cisadmin-VirtualBox kernel: NX (Execute Disable) protection: active
Oct 25 10:12:45 cisadmin-VirtualBox kernel: SMBIOS 2.5 present.
Oct 25 10:12:45 cisadmin-VirtualBox kernel: DMI: innotek GmbH VirtualBox/VirtualBox, BIOS VirtualBox 12/01/2006
Oct 25 10:12:45 cisadmin-VirtualBox kernel: Hypervisor detected: KVM
Oct 25 10:12:45 cisadmin-VirtualBox kernel: e820: update [mem 0x00000000-0x00000fff] usable ==> reserved
Oct 25 10:12:45 cisadmin-VirtualBox kernel: e820: remove [mem 0x000a0000-0x000fffff] usable
Oct 25 10:12:45 cisadmin-VirtualBox kernel: e820: last_pfn = 0x120000 max_arch_pfn = 0x400000000
Oct 25 10:12:45 cisadmin-VirtualBox kernel: MTRR default type: uncachable
Oct 25 10:12:45 cisadmin-VirtualBox kernel: MTRR variable ranges disabled:
Oct 25 10:12:45 cisadmin-VirtualBox kernel: MTRR: Disabled
Oct 25 10:12:45 cisadmin-VirtualBox kernel: x86/PAT: MTRRs disabled, skipping PAT initialization too.
Oct 25 10:12:45 cisadmin-VirtualBox kernel: CPU MTRRs all blank - virtualized system.
Oct 25 10:12:45 cisadmin-VirtualBox kernel: x86/PAT: Configuration [0-7]: WB  WT  UC- UC  WB  WT  UC- UC  
Oct 25 10:12:45 cisadmin-VirtualBox kernel: e820: last_pfn = 0xdfff0 max_arch_pfn = 0x400000000
Oct 25 10:12:45 cisadmin-VirtualBox kernel: found SMP MP-table at [mem 0x0009fff0-0x0009ffff] mapped at [        (ptrval)]
Oct 25 10:12:45 cisadmin-VirtualBox kernel: Scanning 1 areas for low memory corruption
Oct 25 10:12:45 cisadmin-VirtualBox kernel: Base memory trampoline at [        (ptrval)] 99000 size 24576
Oct 25 10:12:45 cisadmin-VirtualBox kernel: BRK [0x11033f000, 0x11033ffff] PGTABLE
Oct 25 10:12:45 cisadmin-VirtualBox kernel: BRK [0x110340000, 0x110340fff] PGTABLE
Oct 25 10:12:45 cisadmin-VirtualBox kernel: BRK [0x110341000, 0x110341fff] PGTABLE
Oct 25 10:12:45 cisadmin-VirtualBox kernel: BRK [0x110342000, 0x110342fff] PGTABLE
Oct 25 10:12:45 cisadmin-VirtualBox kernel: BRK [0x110343000, 0x110343fff] PGTABLE
Oct 25 10:12:45 cisadmin-VirtualBox kernel: BRK [0x110344000, 0x110344fff] PGTABLE
Oct 25 10:12:45 cisadmin-VirtualBox kernel: BRK [0x110345000, 0x110345fff] PGTABLE
Oct 25 10:12:45 cisadmin-VirtualBox kernel: BRK [0x110346000, 0x110346fff] PGTABLE
Oct 25 10:12:45 cisadmin-VirtualBox kernel: BRK [0x110347000, 0x110347fff] PGTABLE
Oct 25 10:12:45 cisadmin-VirtualBox kernel: RAMDISK: [mem 0x3052b000-0x3428cfff]
Oct 25 10:12:45 cisadmin-VirtualBox kernel: ACPI: Early table checksum verification disabled
Oct 25 10:12:45 cisadmin-VirtualBox kernel: ACPI: RSDP 0x00000000000E0000 000024 (v02 VBOX  )
Oct 25 10:12:45 cisadmin-VirtualBox kernel: ACPI: XSDT 0x00000000DFFF0030 00003C (v01 VBOX   VBOXXSDT 00000001 ASL  00000061)
Oct 25 10:12:45 cisadmin-VirtualBox kernel: ACPI: FACP 0x00000000DFFF00F0 0000F4 (v04 VBOX   VBOXFACP 00000001 ASL  00000061)
Oct 25 10:12:45 cisadmin-VirtualBox kernel: ACPI: DSDT 0x00000000DFFF0470 0021FF (v02 VBOX   VBOXBIOS 00000002 INTL 20160108)
Oct 25 10:12:45 cisadmin-VirtualBox kernel: ACPI: FACS 0x00000000DFFF0200 000040
Oct 25 10:12:45 cisadmin-VirtualBox kernel: ACPI: FACS 0x00000000DFFF0200 000040
Oct 25 10:12:45 cisadmin-VirtualBox kernel: ACPI: APIC 0x00000000DFFF0240 00005C (v02 VBOX   VBOXAPIC 00000001 ASL  00000061)
Oct 25 10:12:45 cisadmin-VirtualBox kernel: ACPI: SSDT 0x00000000DFFF02A0 0001CC (v01 VBOX   VBOXCPUT 00000002 INTL 20160108)
Oct 25 10:12:45 cisadmin-VirtualBox kernel: ACPI: Local APIC address 0xfee00000
Oct 25 10:12:45 cisadmin-VirtualBox kernel: No NUMA configuration found
Oct 25 10:12:45 cisadmin-VirtualBox kernel: Faking a node at [mem 0x0000000000000000-0x000000011fffffff]
Oct 25 10:12:45 cisadmin-VirtualBox kernel: NODE_DATA(0) allocated [mem 0x11ffd5000-0x11fffffff]
Oct 25 10:12:45 cisadmin-VirtualBox kernel: kvm-clock: cpu 0, msr 1:1ff54001, primary cpu clock
Oct 25 10:12:45 cisadmin-VirtualBox kernel: kvm-clock: Using msrs 4b564d01 and 4b564d00
Oct 25 10:12:45 cisadmin-VirtualBox kernel: kvm-clock: using sched offset of 8357081278610 cycles
Oct 25 10:12:45 cisadmin-VirtualBox kernel: clocksource: kvm-clock: mask: 0xffffffffffffffff max_cycles: 0x1cd42e4dffb, max_idle_ns: 881590591483 ns
Oct 25 10:12:45 cisadmin-VirtualBox kernel: Zone ranges:
Oct 25 10:12:45 cisadmin-VirtualBox kernel:   DMA      [mem 0x0000000000001000-0x0000000000ffffff]
Oct 25 10:12:45 cisadmin-VirtualBox kernel:   DMA32    [mem 0x0000000001000000-0x00000000ffffffff]
Oct 25 10:12:45 cisadmin-VirtualBox kernel:   Normal   [mem 0x0000000100000000-0x000000011fffffff]
Oct 25 10:12:45 cisadmin-VirtualBox kernel:   Device   empty
Oct 25 10:12:45 cisadmin-VirtualBox kernel: Movable zone start for each node
Oct 25 10:12:45 cisadmin-VirtualBox kernel: Early memory node ranges
Oct 25 10:12:45 cisadmin-VirtualBox kernel:   node   0: [mem 0x0000000000001000-0x000000000009efff]
Oct 25 10:12:45 cisadmin-VirtualBox kernel:   node   0: [mem 0x0000000000100000-0x00000000dffeffff]
Oct 25 10:12:45 cisadmin-VirtualBox kernel:   node   0: [mem 0x0000000100000000-0x000000011fffffff]
Oct 25 10:12:45 cisadmin-VirtualBox kernel: Initmem setup node 0 [mem 0x0000000000001000-0x000000011fffffff]
Oct 25 10:12:45 cisadmin-VirtualBox kernel: On node 0 totalpages: 1048462
Oct 25 10:12:45 cisadmin-VirtualBox kernel:   DMA zone: 64 pages used for memmap
Oct 25 10:12:45 cisadmin-VirtualBox kernel:   DMA zone: 21 pages reserved
Oct 25 10:12:45 cisadmin-VirtualBox kernel:   DMA zone: 3998 pages, LIFO batch:0
Oct 25 10:12:45 cisadmin-VirtualBox kernel:   DMA32 zone: 14272 pages used for memmap
Oct 25 10:12:45 cisadmin-VirtualBox kernel:   DMA32 zone: 913392 pages, LIFO batch:31
Oct 25 10:12:45 cisadmin-VirtualBox kernel:   Normal zone: 2048 pages used for memmap
Oct 25 10:12:45 cisadmin-VirtualBox kernel:   Normal zone: 131072 pages, LIFO batch:31
Oct 25 10:12:45 cisadmin-VirtualBox kernel: Reserved but unavailable: 98 pages
Oct 25 10:12:45 cisadmin-VirtualBox kernel: ACPI: PM-Timer IO Port: 0x4008
Oct 25 10:12:45 cisadmin-VirtualBox kernel: ACPI: Local APIC address 0xfee00000
Oct 25 10:12:45 cisadmin-VirtualBox kernel: IOAPIC[0]: apic_id 2, version 32, address 0xfec00000, GSI 0-23
Oct 25 10:12:45 cisadmin-VirtualBox kernel: ACPI: INT_SRC_OVR (bus 0 bus_irq 0 global_irq 2 dfl dfl)
Oct 25 10:12:45 cisadmin-VirtualBox kernel: ACPI: INT_SRC_OVR (bus 0 bus_irq 9 global_irq 9 high level)
Oct 25 10:12:45 cisadmin-VirtualBox kernel: ACPI: IRQ0 used by override.
Oct 25 10:12:45 cisadmin-VirtualBox kernel: ACPI: IRQ9 used by override.
Oct 25 10:12:45 cisadmin-VirtualBox kernel: Using ACPI (MADT) for SMP configuration information
Oct 25 10:12:45 cisadmin-VirtualBox kernel: smpboot: Allowing 2 CPUs, 0 hotplug CPUs
Oct 25 10:12:45 cisadmin-VirtualBox kernel: PM: Registered nosave memory: [mem 0x00000000-0x00000fff]
Oct 25 10:12:45 cisadmin-VirtualBox kernel: PM: Registered nosave memory: [mem 0x0009f000-0x0009ffff]
Oct 25 10:12:45 cisadmin-VirtualBox kernel: PM: Registered nosave memory: [mem 0x000a0000-0x000effff]
Oct 25 10:12:45 cisadmin-VirtualBox kernel: PM: Registered nosave memory: [mem 0x000f0000-0x000fffff]
Oct 25 10:12:45 cisadmin-VirtualBox kernel: PM: Registered nosave memory: [mem 0xdfff0000-0xdfffffff]
Oct 25 10:12:45 cisadmin-VirtualBox kernel: PM: Registered nosave memory: [mem 0xe0000000-0xfebfffff]
Oct 25 10:12:45 cisadmin-VirtualBox kernel: PM: Registered nosave memory: [mem 0xfec00000-0xfec00fff]
Oct 25 10:12:45 cisadmin-VirtualBox kernel: PM: Registered nosave memory: [mem 0xfec01000-0xfedfffff]
Oct 25 10:12:45 cisadmin-VirtualBox kernel: PM: Registered nosave memory: [mem 0xfee00000-0xfee00fff]
Oct 25 10:12:45 cisadmin-VirtualBox kernel: PM: Registered nosave memory: [mem 0xfee01000-0xfffbffff]
Oct 25 10:12:45 cisadmin-VirtualBox kernel: PM: Registered nosave memory: [mem 0xfffc0000-0xffffffff]
Oct 25 10:12:45 cisadmin-VirtualBox kernel: e820: [mem 0xe0000000-0xfebfffff] available for PCI devices
Oct 25 10:12:45 cisadmin-VirtualBox kernel: Booting paravirtualized kernel on KVM
Oct 25 10:12:45 cisadmin-VirtualBox kernel: clocksource: refined-jiffies: mask: 0xffffffff max_cycles: 0xffffffff, max_idle_ns: 7645519600211568 ns
Oct 25 10:12:45 cisadmin-VirtualBox kernel: random: get_random_bytes called from start_kernel+0x99/0x4fd with crng_init=0
Oct 25 10:12:45 cisadmin-VirtualBox kernel: setup_percpu: NR_CPUS:8192 nr_cpumask_bits:2 nr_cpu_ids:2 nr_node_ids:1
Oct 25 10:12:45 cisadmin-VirtualBox kernel: percpu: Embedded 46 pages/cpu @        (ptrval) s151552 r8192 d28672 u1048576
Oct 25 10:12:45 cisadmin-VirtualBox kernel: pcpu-alloc: s151552 r8192 d28672 u1048576 alloc=1*2097152
Oct 25 10:12:45 cisadmin-VirtualBox kernel: pcpu-alloc: [0] 0 1 
Oct 25 10:12:45 cisadmin-VirtualBox kernel: PV qspinlock hash table entries: 256 (order: 0, 4096 bytes)
Oct 25 10:12:45 cisadmin-VirtualBox kernel: Built 1 zonelists, mobility grouping on.  Total pages: 1032057
Oct 25 10:12:45 cisadmin-VirtualBox kernel: Policy zone: Normal
Oct 25 10:12:45 cisadmin-VirtualBox kernel: Kernel command line: BOOT_IMAGE=/vmlinuz-4.15.0-38-generic root=/dev/mapper/ubuntu--vg-root ro quiet splash
Oct 25 10:12:45 cisadmin-VirtualBox kernel: Calgary: detecting Calgary via BIOS EBDA area
Oct 25 10:12:45 cisadmin-VirtualBox kernel: Calgary: Unable to locate Rio Grande table in EBDA - bailing!
Oct 25 10:12:45 cisadmin-VirtualBox kernel: Memory: 3970352K/4193848K available (12300K kernel code, 2472K rwdata, 4248K rodata, 2408K init, 2416K bss, 223496K reserved, 0K cma-reserved)
Oct 25 10:12:45 cisadmin-VirtualBox kernel: SLUB: HWalign=64, Order=0-3, MinObjects=0, CPUs=2, Nodes=1
Oct 25 10:12:45 cisadmin-VirtualBox kernel: Kernel/User page tables isolation: enabled
Oct 25 10:12:45 cisadmin-VirtualBox kernel: ftrace: allocating 39175 entries in 154 pages
Oct 25 10:12:45 cisadmin-VirtualBox kernel: Hierarchical RCU implementation.
Oct 25 10:12:45 cisadmin-VirtualBox kernel:         RCU restricting CPUs from NR_CPUS=8192 to nr_cpu_ids=2.
Oct 25 10:12:45 cisadmin-VirtualBox kernel:         Tasks RCU enabled.
Oct 25 10:12:45 cisadmin-VirtualBox kernel: RCU: Adjusting geometry for rcu_fanout_leaf=16, nr_cpu_ids=2
Oct 25 10:12:45 cisadmin-VirtualBox kernel: NR_IRQS: 524544, nr_irqs: 440, preallocated irqs: 16
Oct 25 10:12:45 cisadmin-VirtualBox kernel: Console: colour VGA+ 80x25
Oct 25 10:12:45 cisadmin-VirtualBox kernel: console [tty0] enabled
Oct 25 10:12:45 cisadmin-VirtualBox kernel: ACPI: Core revision 20170831
Oct 25 10:12:45 cisadmin-VirtualBox kernel: ACPI: 2 ACPI AML tables successfully acquired and loaded
Oct 25 10:12:45 cisadmin-VirtualBox kernel: APIC: Switch to symmetric I/O mode setup
Oct 25 10:12:45 cisadmin-VirtualBox kernel: x2apic enabled
Oct 25 10:12:45 cisadmin-VirtualBox kernel: Switched APIC routing to physical x2apic.
Oct 25 10:12:45 cisadmin-VirtualBox kernel: ..TIMER: vector=0x30 apic1=0 pin1=2 apic2=-1 pin2=-1
Oct 25 10:12:45 cisadmin-VirtualBox kernel: tsc: Detected 3398.392 MHz processor
Oct 25 10:12:45 cisadmin-VirtualBox kernel: Calibrating delay loop (skipped) preset value.. 6796.78 BogoMIPS (lpj=13593568)
Oct 25 10:12:45 cisadmin-VirtualBox kernel: pid_max: default: 32768 minimum: 301
Oct 25 10:12:45 cisadmin-VirtualBox kernel: Security Framework initialized
Oct 25 10:12:45 cisadmin-VirtualBox kernel: Yama: becoming mindful.
Oct 25 10:12:45 cisadmin-VirtualBox kernel: AppArmor: AppArmor initialized
Oct 25 10:12:45 cisadmin-VirtualBox kernel: Dentry cache hash table entries: 524288 (order: 10, 4194304 bytes)
Oct 25 10:12:45 cisadmin-VirtualBox kernel: Inode-cache hash table entries: 262144 (order: 9, 2097152 bytes)
Oct 25 10:12:45 cisadmin-VirtualBox kernel: Mount-cache hash table entries: 8192 (order: 4, 65536 bytes)
Oct 25 10:12:45 cisadmin-VirtualBox kernel: Mountpoint-cache hash table entries: 8192 (order: 4, 65536 bytes)
Oct 25 10:12:45 cisadmin-VirtualBox kernel: mce: CPU supports 0 MCE banks
Oct 25 10:12:45 cisadmin-VirtualBox kernel: Last level iTLB entries: 4KB 512, 2MB 8, 4MB 8
Oct 25 10:12:45 cisadmin-VirtualBox kernel: Last level dTLB entries: 4KB 512, 2MB 32, 4MB 32, 1GB 0
Oct 25 10:12:45 cisadmin-VirtualBox kernel: Spectre V2 : Mitigation: Full generic retpoline
Oct 25 10:12:45 cisadmin-VirtualBox kernel: Spectre V2 : Spectre v2 / SpectreRSB mitigation: Filling RSB on context switch
Oct 25 10:12:45 cisadmin-VirtualBox kernel: Speculative Store Bypass: Vulnerable
Oct 25 10:12:45 cisadmin-VirtualBox kernel: Freeing SMP alternatives memory: 36K
Oct 25 10:12:45 cisadmin-VirtualBox kernel: smpboot: CPU0: Intel(R) Core(TM) i7-3770 CPU @ 3.40GHz (family: 0x6, model: 0x3a, stepping: 0x9)
Oct 25 10:12:45 cisadmin-VirtualBox kernel: Performance Events: unsupported p6 CPU model 58 no PMU driver, software events only.
Oct 25 10:12:45 cisadmin-VirtualBox kernel: Hierarchical SRCU implementation.
Oct 25 10:12:45 cisadmin-VirtualBox kernel: NMI watchdog: Perf event create on CPU 0 failed with -2
Oct 25 10:12:45 cisadmin-VirtualBox kernel: NMI watchdog: Perf NMI watchdog permanently disabled
Oct 25 10:12:45 cisadmin-VirtualBox kernel: smp: Bringing up secondary CPUs ...
Oct 25 10:12:45 cisadmin-VirtualBox kernel: x86: Booting SMP configuration:
Oct 25 10:12:45 cisadmin-VirtualBox kernel: .... node  #0, CPUs:      #1
Oct 25 10:12:45 cisadmin-VirtualBox kernel: kvm-clock: cpu 1, msr 1:1ff54041, secondary cpu clock
Oct 25 10:12:45 cisadmin-VirtualBox kernel: mce: CPU supports 0 MCE banks
Oct 25 10:12:45 cisadmin-VirtualBox kernel: smp: Brought up 1 node, 2 CPUs
Oct 25 10:12:45 cisadmin-VirtualBox kernel: smpboot: Max logical packages: 1
Oct 25 10:12:45 cisadmin-VirtualBox kernel: smpboot: Total of 2 processors activated (13593.56 BogoMIPS)
Oct 25 10:12:45 cisadmin-VirtualBox kernel: devtmpfs: initialized
Oct 25 10:12:45 cisadmin-VirtualBox kernel: x86/mm: Memory block size: 128MB
Oct 25 10:12:45 cisadmin-VirtualBox kernel: evm: security.selinux
Oct 25 10:12:45 cisadmin-VirtualBox kernel: evm: security.SMACK64
Oct 25 10:12:45 cisadmin-VirtualBox kernel: evm: security.SMACK64EXEC
Oct 25 10:12:45 cisadmin-VirtualBox kernel: evm: security.SMACK64TRANSMUTE
Oct 25 10:12:45 cisadmin-VirtualBox kernel: evm: security.SMACK64MMAP
Oct 25 10:12:45 cisadmin-VirtualBox kernel: evm: security.apparmor
Oct 25 10:12:45 cisadmin-VirtualBox kernel: evm: security.ima
Oct 25 10:12:45 cisadmin-VirtualBox kernel: evm: security.capability
Oct 25 10:12:45 cisadmin-VirtualBox kernel: clocksource: jiffies: mask: 0xffffffff max_cycles: 0xffffffff, max_idle_ns: 7645041785100000 ns
Oct 25 10:12:45 cisadmin-VirtualBox kernel: futex hash table entries: 512 (order: 3, 32768 bytes)
Oct 25 10:12:45 cisadmin-VirtualBox kernel: pinctrl core: initialized pinctrl subsystem
Oct 25 10:12:45 cisadmin-VirtualBox kernel: RTC time: 15:12:26, date: 10/25/18
Oct 25 10:12:45 cisadmin-VirtualBox kernel: NET: Registered protocol family 16
Oct 25 10:12:45 cisadmin-VirtualBox kernel: audit: initializing netlink subsys (disabled)
Oct 25 10:12:45 cisadmin-VirtualBox kernel: audit: type=2000 audit(1540488702.038:1): state=initialized audit_enabled=0 res=1
Oct 25 10:12:45 cisadmin-VirtualBox kernel: cpuidle: using governor ladder
Oct 25 10:12:45 cisadmin-VirtualBox kernel: cpuidle: using governor menu
Oct 25 10:12:45 cisadmin-VirtualBox kernel: ACPI: bus type PCI registered
Oct 25 10:12:45 cisadmin-VirtualBox kernel: acpiphp: ACPI Hot Plug PCI Controller Driver version: 0.5
Oct 25 10:12:45 cisadmin-VirtualBox kernel: PCI: Using configuration type 1 for base access
Oct 25 10:12:45 cisadmin-VirtualBox kernel: HugeTLB registered 2.00 MiB page size, pre-allocated 0 pages
Oct 25 10:12:45 cisadmin-VirtualBox kernel: ACPI: Added _OSI(Module Device)
Oct 25 10:12:45 cisadmin-VirtualBox kernel: ACPI: Added _OSI(Processor Device)
Oct 25 10:12:45 cisadmin-VirtualBox kernel: ACPI: Added _OSI(3.0 _SCP Extensions)
Oct 25 10:12:45 cisadmin-VirtualBox kernel: ACPI: Added _OSI(Processor Aggregator Device)
Oct 25 10:12:45 cisadmin-VirtualBox kernel: ACPI: Added _OSI(Linux-Dell-Video)
Oct 25 10:12:45 cisadmin-VirtualBox kernel: ACPI: Added _OSI(Linux-Lenovo-NV-HDMI-Audio)
Oct 25 10:12:45 cisadmin-VirtualBox kernel: ACPI: Executed 1 blocks of module-level executable AML code
Oct 25 10:12:45 cisadmin-VirtualBox kernel: ACPI: Interpreter enabled
Oct 25 10:12:45 cisadmin-VirtualBox kernel: ACPI: (supports S0 S5)
Oct 25 10:12:45 cisadmin-VirtualBox kernel: ACPI: Using IOAPIC for interrupt routing
Oct 25 10:12:45 cisadmin-VirtualBox kernel: PCI: Using host bridge windows from ACPI; if necessary, use "pci=nocrs" and report a bug
Oct 25 10:12:45 cisadmin-VirtualBox kernel: ACPI: Enabled 2 GPEs in block 00 to 07
Oct 25 10:12:45 cisadmin-VirtualBox kernel: ACPI: PCI Root Bridge [PCI0] (domain 0000 [bus 00-ff])
Oct 25 10:12:45 cisadmin-VirtualBox kernel: acpi PNP0A03:00: _OSC: OS supports [ASPM ClockPM Segments MSI]
Oct 25 10:12:45 cisadmin-VirtualBox kernel: acpi PNP0A03:00: _OSC: not requesting OS control; OS requires [ExtendedConfig ASPM ClockPM MSI]
Oct 25 10:12:45 cisadmin-VirtualBox kernel: acpi PNP0A03:00: fail to add MMCONFIG information, can't access extended PCI configuration space under this bridge.
Oct 25 10:12:45 cisadmin-VirtualBox kernel: PCI host bridge to bus 0000:00
Oct 25 10:12:45 cisadmin-VirtualBox kernel: pci_bus 0000:00: root bus resource [io  0x0000-0x0cf7 window]
Oct 25 10:12:45 cisadmin-VirtualBox kernel: pci_bus 0000:00: root bus resource [io  0x0d00-0xffff window]
Oct 25 10:12:45 cisadmin-VirtualBox kernel: pci_bus 0000:00: root bus resource [mem 0x000a0000-0x000bffff window]
Oct 25 10:12:45 cisadmin-VirtualBox kernel: pci_bus 0000:00: root bus resource [mem 0xe0000000-0xffdfffff window]
Oct 25 10:12:45 cisadmin-VirtualBox kernel: pci_bus 0000:00: root bus resource [bus 00-ff]
Oct 25 10:12:45 cisadmin-VirtualBox kernel: pci 0000:00:00.0: [8086:1237] type 00 class 0x060000
Oct 25 10:12:45 cisadmin-VirtualBox kernel: pci 0000:00:01.0: [8086:7000] type 00 class 0x060100
Oct 25 10:12:45 cisadmin-VirtualBox kernel: pci 0000:00:01.1: [8086:7111] type 00 class 0x01018a
Oct 25 10:12:45 cisadmin-VirtualBox kernel: pci 0000:00:01.1: reg 0x20: [io  0xd000-0xd00f]
Oct 25 10:12:45 cisadmin-VirtualBox kernel: pci 0000:00:01.1: legacy IDE quirk: reg 0x10: [io  0x01f0-0x01f7]
Oct 25 10:12:45 cisadmin-VirtualBox kernel: pci 0000:00:01.1: legacy IDE quirk: reg 0x14: [io  0x03f6]
Oct 25 10:12:45 cisadmin-VirtualBox kernel: pci 0000:00:01.1: legacy IDE quirk: reg 0x18: [io  0x0170-0x0177]
Oct 25 10:12:45 cisadmin-VirtualBox kernel: pci 0000:00:01.1: legacy IDE quirk: reg 0x1c: [io  0x0376]
Oct 25 10:12:45 cisadmin-VirtualBox kernel: pci 0000:00:02.0: [80ee:beef] type 00 class 0x030000
Oct 25 10:12:45 cisadmin-VirtualBox kernel: pci 0000:00:02.0: reg 0x10: [mem 0xe0000000-0xe0ffffff pref]
Oct 25 10:12:45 cisadmin-VirtualBox kernel: pci 0000:00:03.0: [8086:100e] type 00 class 0x020000
Oct 25 10:12:45 cisadmin-VirtualBox kernel: pci 0000:00:03.0: reg 0x10: [mem 0xf0000000-0xf001ffff]
Oct 25 10:12:45 cisadmin-VirtualBox kernel: pci 0000:00:03.0: reg 0x18: [io  0xd010-0xd017]
Oct 25 10:12:45 cisadmin-VirtualBox kernel: pci 0000:00:04.0: [80ee:cafe] type 00 class 0x088000
Oct 25 10:12:45 cisadmin-VirtualBox kernel: pci 0000:00:04.0: reg 0x10: [io  0xd020-0xd03f]
Oct 25 10:12:45 cisadmin-VirtualBox kernel: pci 0000:00:04.0: reg 0x14: [mem 0xf0400000-0xf07fffff]
Oct 25 10:12:45 cisadmin-VirtualBox kernel: pci 0000:00:04.0: reg 0x18: [mem 0xf0800000-0xf0803fff pref]
Oct 25 10:12:45 cisadmin-VirtualBox kernel: pci 0000:00:05.0: [8086:2415] type 00 class 0x040100
Oct 25 10:12:45 cisadmin-VirtualBox kernel: pci 0000:00:05.0: reg 0x10: [io  0xd100-0xd1ff]
Oct 25 10:12:45 cisadmin-VirtualBox kernel: pci 0000:00:05.0: reg 0x14: [io  0xd200-0xd23f]
Oct 25 10:12:45 cisadmin-VirtualBox kernel: pci 0000:00:06.0: [106b:003f] type 00 class 0x0c0310
Oct 25 10:12:45 cisadmin-VirtualBox kernel: pci 0000:00:06.0: reg 0x10: [mem 0xf0804000-0xf0804fff]
Oct 25 10:12:45 cisadmin-VirtualBox kernel: pci 0000:00:07.0: [8086:7113] type 00 class 0x068000
Oct 25 10:12:45 cisadmin-VirtualBox kernel: pci 0000:00:07.0: quirk: [io  0x4000-0x403f] claimed by PIIX4 ACPI
Oct 25 10:12:45 cisadmin-VirtualBox kernel: pci 0000:00:07.0: quirk: [io  0x4100-0x410f] claimed by PIIX4 SMB
Oct 25 10:12:45 cisadmin-VirtualBox kernel: pci 0000:00:0b.0: [8086:265c] type 00 class 0x0c0320
Oct 25 10:12:45 cisadmin-VirtualBox kernel: pci 0000:00:0b.0: reg 0x10: [mem 0xf0805000-0xf0805fff]
Oct 25 10:12:45 cisadmin-VirtualBox kernel: pci 0000:00:0d.0: [8086:2829] type 00 class 0x010601
Oct 25 10:12:45 cisadmin-VirtualBox kernel: pci 0000:00:0d.0: reg 0x10: [io  0xd240-0xd247]
Oct 25 10:12:45 cisadmin-VirtualBox kernel: pci 0000:00:0d.0: reg 0x18: [io  0xd250-0xd257]
Oct 25 10:12:45 cisadmin-VirtualBox kernel: pci 0000:00:0d.0: reg 0x20: [io  0xd260-0xd26f]
Oct 25 10:12:45 cisadmin-VirtualBox kernel: pci 0000:00:0d.0: reg 0x24: [mem 0xf0806000-0xf0807fff]
Oct 25 10:12:45 cisadmin-VirtualBox kernel: ACPI: PCI Interrupt Link [LNKA] (IRQs 5 9 10 *11)
Oct 25 10:12:45 cisadmin-VirtualBox kernel: ACPI: PCI Interrupt Link [LNKB] (IRQs 5 9 10 *11)
Oct 25 10:12:45 cisadmin-VirtualBox kernel: ACPI: PCI Interrupt Link [LNKC] (IRQs 5 9 *10 11)
Oct 25 10:12:45 cisadmin-VirtualBox kernel: ACPI: PCI Interrupt Link [LNKD] (IRQs 5 *9 10 11)
Oct 25 10:12:45 cisadmin-VirtualBox kernel: SCSI subsystem initialized
Oct 25 10:12:45 cisadmin-VirtualBox kernel: libata version 3.00 loaded.
Oct 25 10:12:45 cisadmin-VirtualBox kernel: pci 0000:00:02.0: vgaarb: setting as boot VGA device
Oct 25 10:12:45 cisadmin-VirtualBox kernel: pci 0000:00:02.0: vgaarb: VGA device added: decodes=io+mem,owns=io+mem,locks=none
Oct 25 10:12:45 cisadmin-VirtualBox kernel: pci 0000:00:02.0: vgaarb: bridge control possible
Oct 25 10:12:45 cisadmin-VirtualBox kernel: vgaarb: loaded
Oct 25 10:12:45 cisadmin-VirtualBox kernel: ACPI: bus type USB registered
Oct 25 10:12:45 cisadmin-VirtualBox kernel: usbcore: registered new interface driver usbfs
Oct 25 10:12:45 cisadmin-VirtualBox kernel: usbcore: registered new interface driver hub
Oct 25 10:12:45 cisadmin-VirtualBox kernel: usbcore: registered new device driver usb
Oct 25 10:12:45 cisadmin-VirtualBox kernel: EDAC MC: Ver: 3.0.0
Oct 25 10:12:45 cisadmin-VirtualBox kernel: PCI: Using ACPI for IRQ routing
Oct 25 10:12:45 cisadmin-VirtualBox kernel: PCI: pci_cache_line_size set to 64 bytes
Oct 25 10:12:45 cisadmin-VirtualBox kernel: e820: reserve RAM buffer [mem 0x0009fc00-0x0009ffff]
Oct 25 10:12:45 cisadmin-VirtualBox kernel: e820: reserve RAM buffer [mem 0xdfff0000-0xdfffffff]
Oct 25 10:12:45 cisadmin-VirtualBox kernel: NetLabel: Initializing
Oct 25 10:12:45 cisadmin-VirtualBox kernel: NetLabel:  domain hash size = 128
Oct 25 10:12:45 cisadmin-VirtualBox kernel: NetLabel:  protocols = UNLABELED CIPSOv4 CALIPSO
Oct 25 10:12:45 cisadmin-VirtualBox kernel: NetLabel:  unlabeled traffic allowed by default
Oct 25 10:12:45 cisadmin-VirtualBox kernel: clocksource: Switched to clocksource kvm-clock
Oct 25 10:12:45 cisadmin-VirtualBox kernel: VFS: Disk quotas dquot_6.6.0
Oct 25 10:12:45 cisadmin-VirtualBox kernel: VFS: Dquot-cache hash table entries: 512 (order 0, 4096 bytes)
Oct 25 10:12:45 cisadmin-VirtualBox kernel: AppArmor: AppArmor Filesystem Enabled
Oct 25 10:12:45 cisadmin-VirtualBox kernel: pnp: PnP ACPI init
Oct 25 10:12:45 cisadmin-VirtualBox kernel: pnp 00:00: Plug and Play ACPI device, IDs PNP0303 (active)
Oct 25 10:12:45 cisadmin-VirtualBox kernel: pnp 00:01: Plug and Play ACPI device, IDs PNP0f03 (active)
Oct 25 10:12:45 cisadmin-VirtualBox kernel: pnp: PnP ACPI: found 2 devices
Oct 25 10:12:45 cisadmin-VirtualBox kernel: clocksource: acpi_pm: mask: 0xffffff max_cycles: 0xffffff, max_idle_ns: 2085701024 ns
Oct 25 10:12:45 cisadmin-VirtualBox kernel: pci_bus 0000:00: resource 4 [io  0x0000-0x0cf7 window]
Oct 25 10:12:45 cisadmin-VirtualBox kernel: pci_bus 0000:00: resource 5 [io  0x0d00-0xffff window]
Oct 25 10:12:45 cisadmin-VirtualBox kernel: pci_bus 0000:00: resource 6 [mem 0x000a0000-0x000bffff window]
Oct 25 10:12:45 cisadmin-VirtualBox kernel: pci_bus 0000:00: resource 7 [mem 0xe0000000-0xffdfffff window]
Oct 25 10:12:45 cisadmin-VirtualBox kernel: NET: Registered protocol family 2
Oct 25 10:12:45 cisadmin-VirtualBox kernel: TCP established hash table entries: 32768 (order: 6, 262144 bytes)
Oct 25 10:12:45 cisadmin-VirtualBox kernel: TCP bind hash table entries: 32768 (order: 7, 524288 bytes)
Oct 25 10:12:45 cisadmin-VirtualBox kernel: TCP: Hash tables configured (established 32768 bind 32768)
Oct 25 10:12:45 cisadmin-VirtualBox kernel: UDP hash table entries: 2048 (order: 4, 65536 bytes)
Oct 25 10:12:45 cisadmin-VirtualBox kernel: UDP-Lite hash table entries: 2048 (order: 4, 65536 bytes)
Oct 25 10:12:45 cisadmin-VirtualBox kernel: NET: Registered protocol family 1
Oct 25 10:12:45 cisadmin-VirtualBox kernel: pci 0000:00:00.0: Limiting direct PCI/PCI transfers
Oct 25 10:12:45 cisadmin-VirtualBox kernel: pci 0000:00:01.0: Activating ISA DMA hang workarounds
Oct 25 10:12:45 cisadmin-VirtualBox kernel: pci 0000:00:02.0: Video device with shadowed ROM at [mem 0x000c0000-0x000dffff]
Oct 25 10:12:45 cisadmin-VirtualBox kernel: PCI: CLS 64 bytes, default 64
Oct 25 10:12:45 cisadmin-VirtualBox kernel: Unpacking initramfs...
Oct 25 10:12:45 cisadmin-VirtualBox kernel: Freeing initrd memory: 62856K
Oct 25 10:12:45 cisadmin-VirtualBox kernel: PCI-DMA: Using software bounce buffering for IO (SWIOTLB)
Oct 25 10:12:45 cisadmin-VirtualBox kernel: software IO TLB [mem 0xdbff0000-0xdfff0000] (64MB) mapped at [        (ptrval)-        (ptrval)]
Oct 25 10:12:45 cisadmin-VirtualBox kernel: platform rtc_cmos: registered platform RTC device (no PNP device found)
Oct 25 10:12:45 cisadmin-VirtualBox kernel: Scanning for low memory corruption every 60 seconds
Oct 25 10:12:45 cisadmin-VirtualBox kernel: Initialise system trusted keyrings
Oct 25 10:12:45 cisadmin-VirtualBox kernel: Key type blacklist registered
Oct 25 10:12:45 cisadmin-VirtualBox kernel: workingset: timestamp_bits=36 max_order=20 bucket_order=0
Oct 25 10:12:45 cisadmin-VirtualBox kernel: zbud: loaded
Oct 25 10:12:45 cisadmin-VirtualBox kernel: squashfs: version 4.0 (2009/01/31) Phillip Lougher
Oct 25 10:12:45 cisadmin-VirtualBox kernel: fuse init (API version 7.26)
Oct 25 10:12:45 cisadmin-VirtualBox kernel: Key type asymmetric registered
Oct 25 10:12:45 cisadmin-VirtualBox kernel: Asymmetric key parser 'x509' registered
Oct 25 10:12:45 cisadmin-VirtualBox kernel: Block layer SCSI generic (bsg) driver version 0.4 loaded (major 246)
Oct 25 10:12:45 cisadmin-VirtualBox kernel: io scheduler noop registered
Oct 25 10:12:45 cisadmin-VirtualBox kernel: io scheduler deadline registered
Oct 25 10:12:45 cisadmin-VirtualBox kernel: io scheduler cfq registered (default)
Oct 25 10:12:45 cisadmin-VirtualBox kernel: intel_idle: Please enable MWAIT in BIOS SETUP
Oct 25 10:12:45 cisadmin-VirtualBox kernel: ACPI: AC Adapter [AC] (on-line)
Oct 25 10:12:45 cisadmin-VirtualBox kernel: input: Power Button as /devices/LNXSYSTM:00/LNXPWRBN:00/input/input0
Oct 25 10:12:45 cisadmin-VirtualBox kernel: ACPI: Power Button [PWRF]
Oct 25 10:12:45 cisadmin-VirtualBox kernel: input: Sleep Button as /devices/LNXSYSTM:00/LNXSLPBN:00/input/input1
Oct 25 10:12:45 cisadmin-VirtualBox kernel: ACPI: Sleep Button [SLPF]
Oct 25 10:12:45 cisadmin-VirtualBox kernel: Serial: 8250/16550 driver, 32 ports, IRQ sharing enabled
Oct 25 10:12:45 cisadmin-VirtualBox kernel: Linux agpgart interface v0.103
Oct 25 10:12:45 cisadmin-VirtualBox kernel: loop: module loaded
Oct 25 10:12:45 cisadmin-VirtualBox kernel: ata_piix 0000:00:01.1: version 2.13
Oct 25 10:12:45 cisadmin-VirtualBox kernel: scsi host0: ata_piix
Oct 25 10:12:45 cisadmin-VirtualBox kernel: scsi host1: ata_piix
Oct 25 10:12:45 cisadmin-VirtualBox kernel: ata1: PATA max UDMA/33 cmd 0x1f0 ctl 0x3f6 bmdma 0xd000 irq 14
Oct 25 10:12:45 cisadmin-VirtualBox kernel: ata2: PATA max UDMA/33 cmd 0x170 ctl 0x376 bmdma 0xd008 irq 15
Oct 25 10:12:45 cisadmin-VirtualBox kernel: libphy: Fixed MDIO Bus: probed
Oct 25 10:12:45 cisadmin-VirtualBox kernel: tun: Universal TUN/TAP device driver, 1.6
Oct 25 10:12:45 cisadmin-VirtualBox kernel: PPP generic driver version 2.4.2
Oct 25 10:12:45 cisadmin-VirtualBox kernel: ehci_hcd: USB 2.0 'Enhanced' Host Controller (EHCI) Driver
Oct 25 10:12:45 cisadmin-VirtualBox kernel: ehci-pci: EHCI PCI platform driver
Oct 25 10:12:45 cisadmin-VirtualBox kernel: ehci-pci 0000:00:0b.0: EHCI Host Controller
Oct 25 10:12:45 cisadmin-VirtualBox kernel: ehci-pci 0000:00:0b.0: new USB bus registered, assigned bus number 1
Oct 25 10:12:45 cisadmin-VirtualBox kernel: ehci-pci 0000:00:0b.0: irq 19, io mem 0xf0805000
Oct 25 10:12:45 cisadmin-VirtualBox kernel: ehci-pci 0000:00:0b.0: USB 2.0 started, EHCI 1.00
Oct 25 10:12:45 cisadmin-VirtualBox kernel: usb usb1: New USB device found, idVendor=1d6b, idProduct=0002
Oct 25 10:12:45 cisadmin-VirtualBox kernel: usb usb1: New USB device strings: Mfr=3, Product=2, SerialNumber=1
Oct 25 10:12:45 cisadmin-VirtualBox kernel: usb usb1: Product: EHCI Host Controller
Oct 25 10:12:45 cisadmin-VirtualBox kernel: usb usb1: Manufacturer: Linux 4.15.0-38-generic ehci_hcd
Oct 25 10:12:45 cisadmin-VirtualBox kernel: usb usb1: SerialNumber: 0000:00:0b.0
Oct 25 10:12:45 cisadmin-VirtualBox kernel: hub 1-0:1.0: USB hub found
Oct 25 10:12:45 cisadmin-VirtualBox kernel: hub 1-0:1.0: 12 ports detected
Oct 25 10:12:45 cisadmin-VirtualBox kernel: ehci-platform: EHCI generic platform driver
Oct 25 10:12:45 cisadmin-VirtualBox kernel: ohci_hcd: USB 1.1 'Open' Host Controller (OHCI) Driver
Oct 25 10:12:45 cisadmin-VirtualBox kernel: ohci-pci: OHCI PCI platform driver
Oct 25 10:12:45 cisadmin-VirtualBox kernel: ohci-pci 0000:00:06.0: OHCI PCI host controller
Oct 25 10:12:45 cisadmin-VirtualBox kernel: ohci-pci 0000:00:06.0: new USB bus registered, assigned bus number 2
Oct 25 10:12:45 cisadmin-VirtualBox kernel: ohci-pci 0000:00:06.0: irq 22, io mem 0xf0804000
Oct 25 10:12:45 cisadmin-VirtualBox kernel: usb usb2: New USB device found, idVendor=1d6b, idProduct=0001
Oct 25 10:12:45 cisadmin-VirtualBox kernel: usb usb2: New USB device strings: Mfr=3, Product=2, SerialNumber=1
Oct 25 10:12:45 cisadmin-VirtualBox kernel: usb usb2: Product: OHCI PCI host controller
Oct 25 10:12:45 cisadmin-VirtualBox kernel: usb usb2: Manufacturer: Linux 4.15.0-38-generic ohci_hcd
Oct 25 10:12:45 cisadmin-VirtualBox kernel: usb usb2: SerialNumber: 0000:00:06.0
Oct 25 10:12:45 cisadmin-VirtualBox kernel: hub 2-0:1.0: USB hub found
Oct 25 10:12:45 cisadmin-VirtualBox kernel: hub 2-0:1.0: 12 ports detected
Oct 25 10:12:45 cisadmin-VirtualBox kernel: ohci-platform: OHCI generic platform driver
Oct 25 10:12:45 cisadmin-VirtualBox kernel: uhci_hcd: USB Universal Host Controller Interface driver
Oct 25 10:12:45 cisadmin-VirtualBox kernel: i8042: PNP: PS/2 Controller [PNP0303:PS2K,PNP0f03:PS2M] at 0x60,0x64 irq 1,12
Oct 25 10:12:45 cisadmin-VirtualBox kernel: serio: i8042 KBD port at 0x60,0x64 irq 1
Oct 25 10:12:45 cisadmin-VirtualBox kernel: serio: i8042 AUX port at 0x60,0x64 irq 12
Oct 25 10:12:45 cisadmin-VirtualBox kernel: mousedev: PS/2 mouse device common for all mice
Oct 25 10:12:45 cisadmin-VirtualBox kernel: input: AT Translated Set 2 keyboard as /devices/platform/i8042/serio0/input/input2
Oct 25 10:12:45 cisadmin-VirtualBox kernel: rtc_cmos rtc_cmos: rtc core: registered rtc_cmos as rtc0
Oct 25 10:12:45 cisadmin-VirtualBox kernel: rtc_cmos rtc_cmos: alarms up to one day, 114 bytes nvram
Oct 25 10:12:45 cisadmin-VirtualBox kernel: i2c /dev entries driver
Oct 25 10:12:45 cisadmin-VirtualBox kernel: pcie_mp2_amd: AMD(R) PCI-E MP2 Communication Driver Version: 1.0
Oct 25 10:12:45 cisadmin-VirtualBox kernel: device-mapper: uevent: version 1.0.3
Oct 25 10:12:45 cisadmin-VirtualBox kernel: device-mapper: ioctl: 4.37.0-ioctl (2017-09-20) initialised: dm-devel@redhat.com
Oct 25 10:12:45 cisadmin-VirtualBox kernel: ledtrig-cpu: registered to indicate activity on CPUs
Oct 25 10:12:45 cisadmin-VirtualBox kernel: NET: Registered protocol family 10
Oct 25 10:12:45 cisadmin-VirtualBox kernel: Segment Routing with IPv6
Oct 25 10:12:45 cisadmin-VirtualBox kernel: NET: Registered protocol family 17
Oct 25 10:12:45 cisadmin-VirtualBox kernel: Key type dns_resolver registered
Oct 25 10:12:45 cisadmin-VirtualBox kernel: RAS: Correctable Errors collector initialized.
Oct 25 10:12:45 cisadmin-VirtualBox kernel: sched_clock: Marking stable (847175802, 0)->(1070668440, -223492638)
Oct 25 10:12:45 cisadmin-VirtualBox kernel: registered taskstats version 1
Oct 25 10:12:45 cisadmin-VirtualBox kernel: Loading compiled-in X.509 certificates
Oct 25 10:12:45 cisadmin-VirtualBox kernel: Loaded X.509 cert 'Build time autogenerated kernel key: f3a9ae7fdf18cf897e7c53db8499a9c1252f0be9'
Oct 25 10:12:45 cisadmin-VirtualBox kernel: zswap: loaded using pool lzo/zbud
Oct 25 10:12:45 cisadmin-VirtualBox kernel: Key type big_key registered
Oct 25 10:12:45 cisadmin-VirtualBox kernel: Key type trusted registered
Oct 25 10:12:45 cisadmin-VirtualBox kernel: Key type encrypted registered
Oct 25 10:12:45 cisadmin-VirtualBox kernel: AppArmor: AppArmor sha1 policy hashing enabled
Oct 25 10:12:45 cisadmin-VirtualBox kernel: ima: No TPM chip found, activating TPM-bypass! (rc=-19)
Oct 25 10:12:45 cisadmin-VirtualBox kernel: ima: Allocated hash algorithm: sha1
Oct 25 10:12:45 cisadmin-VirtualBox kernel: evm: HMAC attrs: 0x1
Oct 25 10:12:45 cisadmin-VirtualBox kernel:   Magic number: 6:662:235
Oct 25 10:12:45 cisadmin-VirtualBox kernel: rtc_cmos rtc_cmos: setting system clock to 2018-10-25 15:12:27 UTC (1540480347)
Oct 25 10:12:45 cisadmin-VirtualBox kernel: BIOS EDD facility v0.16 2004-Jun-25, 0 devices found
Oct 25 10:12:45 cisadmin-VirtualBox kernel: EDD information not available.
Oct 25 10:12:45 cisadmin-VirtualBox kernel: ata2.00: ATAPI: VBOX CD-ROM, 1.0, max UDMA/133
Oct 25 10:12:45 cisadmin-VirtualBox kernel: ata2.00: configured for UDMA/33
Oct 25 10:12:45 cisadmin-VirtualBox kernel: scsi 1:0:0:0: CD-ROM            VBOX     CD-ROM           1.0  PQ: 0 ANSI: 5
Oct 25 10:12:45 cisadmin-VirtualBox kernel: sr 1:0:0:0: [sr0] scsi3-mmc drive: 32x/32x xa/form2 tray
Oct 25 10:12:45 cisadmin-VirtualBox kernel: cdrom: Uniform CD-ROM driver Revision: 3.20
Oct 25 10:12:45 cisadmin-VirtualBox kernel: sr 1:0:0:0: Attached scsi CD-ROM sr0
Oct 25 10:12:45 cisadmin-VirtualBox kernel: sr 1:0:0:0: Attached scsi generic sg0 type 5
Oct 25 10:12:45 cisadmin-VirtualBox kernel: Freeing unused kernel memory: 2408K
Oct 25 10:12:45 cisadmin-VirtualBox kernel: Write protecting the kernel read-only data: 20480k
Oct 25 10:12:45 cisadmin-VirtualBox kernel: Freeing unused kernel memory: 2008K
Oct 25 10:12:45 cisadmin-VirtualBox kernel: Freeing unused kernel memory: 1896K
Oct 25 10:12:45 cisadmin-VirtualBox kernel: x86/mm: Checked W+X mappings: passed, no W+X pages found.
Oct 25 10:12:45 cisadmin-VirtualBox kernel: x86/mm: Checking user space page tables
Oct 25 10:12:45 cisadmin-VirtualBox kernel: x86/mm: Checked W+X mappings: passed, no W+X pages found.
Oct 25 10:12:45 cisadmin-VirtualBox kernel: ACPI: Video Device [GFX0] (multi-head: yes  rom: no  post: no)
Oct 25 10:12:45 cisadmin-VirtualBox kernel: input: Video Bus as /devices/LNXSYSTM:00/LNXSYBUS:00/PNP0A03:00/LNXVIDEO:00/input/input4
Oct 25 10:12:45 cisadmin-VirtualBox kernel: e1000: Intel(R) PRO/1000 Network Driver - version 7.3.21-k8-NAPI
Oct 25 10:12:45 cisadmin-VirtualBox kernel: e1000: Copyright (c) 1999-2006 Intel Corporation.
Oct 25 10:12:45 cisadmin-VirtualBox kernel: AVX version of gcm_enc/dec engaged.
Oct 25 10:12:45 cisadmin-VirtualBox kernel: AES CTR mode by8 optimization enabled
Oct 25 10:12:45 cisadmin-VirtualBox kernel: usb 2-1: new full-speed USB device number 2 using ohci-pci
Oct 25 10:12:45 cisadmin-VirtualBox kernel: input: ImExPS/2 Generic Explorer Mouse as /devices/platform/i8042/serio1/input/input5
Oct 25 10:12:45 cisadmin-VirtualBox kernel: e1000 0000:00:03.0 eth0: (PCI:33MHz:32-bit) 08:00:27:ab:76:d9
Oct 25 10:12:45 cisadmin-VirtualBox kernel: e1000 0000:00:03.0 eth0: Intel(R) PRO/1000 Network Connection
Oct 25 10:12:45 cisadmin-VirtualBox kernel: ahci 0000:00:0d.0: version 3.0
Oct 25 10:12:45 cisadmin-VirtualBox kernel: ahci 0000:00:0d.0: SSS flag set, parallel bus scan disabled
Oct 25 10:12:45 cisadmin-VirtualBox kernel: ahci 0000:00:0d.0: AHCI 0001.0100 32 slots 1 ports 3 Gbps 0x1 impl SATA mode
Oct 25 10:12:45 cisadmin-VirtualBox kernel: ahci 0000:00:0d.0: flags: 64bit ncq stag only ccc 
Oct 25 10:12:45 cisadmin-VirtualBox kernel: scsi host2: ahci
Oct 25 10:12:45 cisadmin-VirtualBox kernel: ata3: SATA max UDMA/133 abar m8192@0xf0806000 port 0xf0806100 irq 21
Oct 25 10:12:45 cisadmin-VirtualBox kernel: piix4_smbus 0000:00:07.0: SMBus Host Controller at 0x4100, revision 0
Oct 25 10:12:45 cisadmin-VirtualBox kernel: e1000 0000:00:03.0 enp0s3: renamed from eth0
Oct 25 10:12:45 cisadmin-VirtualBox kernel: usb 2-1: New USB device found, idVendor=80ee, idProduct=0021
Oct 25 10:12:45 cisadmin-VirtualBox kernel: usb 2-1: New USB device strings: Mfr=1, Product=3, SerialNumber=0
Oct 25 10:12:45 cisadmin-VirtualBox kernel: usb 2-1: Product: USB Tablet
Oct 25 10:12:45 cisadmin-VirtualBox kernel: usb 2-1: Manufacturer: VirtualBox
Oct 25 10:12:45 cisadmin-VirtualBox kernel: hidraw: raw HID events driver (C) Jiri Kosina
Oct 25 10:12:45 cisadmin-VirtualBox kernel: usbcore: registered new interface driver usbhid
Oct 25 10:12:45 cisadmin-VirtualBox kernel: usbhid: USB HID core driver
Oct 25 10:12:45 cisadmin-VirtualBox kernel: input: VirtualBox USB Tablet as /devices/pci0000:00/0000:00:06.0/usb2/2-1/2-1:1.0/0003:80EE:0021.0001/input/input6
Oct 25 10:12:45 cisadmin-VirtualBox kernel: hid-generic 0003:80EE:0021.0001: input,hidraw0: USB HID v1.10 Mouse [VirtualBox USB Tablet] on usb-0000:00:06.0-1/input0
Oct 25 10:12:45 cisadmin-VirtualBox kernel: tsc: Refined TSC clocksource calibration: 3424.068 MHz
Oct 25 10:12:45 cisadmin-VirtualBox kernel: clocksource: tsc: mask: 0xffffffffffffffff max_cycles: 0x315b1e44b03, max_idle_ns: 440795203947 ns
Oct 25 10:12:45 cisadmin-VirtualBox kernel: ata3: SATA link up 3.0 Gbps (SStatus 123 SControl 300)
Oct 25 10:12:45 cisadmin-VirtualBox kernel: ata3.00: ATA-6: VBOX HARDDISK, 1.0, max UDMA/133
Oct 25 10:12:45 cisadmin-VirtualBox kernel: ata3.00: 20971520 sectors, multi 128: LBA48 NCQ (depth 31/32)
Oct 25 10:12:45 cisadmin-VirtualBox kernel: ata3.00: configured for UDMA/133
Oct 25 10:12:45 cisadmin-VirtualBox kernel: scsi 2:0:0:0: Direct-Access     ATA      VBOX HARDDISK    1.0  PQ: 0 ANSI: 5
Oct 25 10:12:45 cisadmin-VirtualBox kernel: sd 2:0:0:0: [sda] 20971520 512-byte logical blocks: (10.7 GB/10.0 GiB)
Oct 25 10:12:45 cisadmin-VirtualBox kernel: sd 2:0:0:0: [sda] Write Protect is off
Oct 25 10:12:45 cisadmin-VirtualBox kernel: sd 2:0:0:0: [sda] Mode Sense: 00 3a 00 00
Oct 25 10:12:45 cisadmin-VirtualBox kernel: sd 2:0:0:0: [sda] Write cache: enabled, read cache: enabled, doesn't support DPO or FUA
Oct 25 10:12:45 cisadmin-VirtualBox kernel: sd 2:0:0:0: Attached scsi generic sg1 type 0
Oct 25 10:12:45 cisadmin-VirtualBox kernel:  sda: sda1 sda2 < sda5 >
Oct 25 10:12:45 cisadmin-VirtualBox kernel: sd 2:0:0:0: [sda] Attached SCSI disk
Oct 25 10:12:45 cisadmin-VirtualBox kernel: random: fast init done
Oct 25 10:12:45 cisadmin-VirtualBox kernel: random: systemd-udevd: uninitialized urandom read (16 bytes read)
Oct 25 10:12:45 cisadmin-VirtualBox kernel: random: systemd-udevd: uninitialized urandom read (16 bytes read)
Oct 25 10:12:45 cisadmin-VirtualBox kernel: random: systemd-udevd: uninitialized urandom read (16 bytes read)
Oct 25 10:12:45 cisadmin-VirtualBox kernel: random: systemd-udevd: uninitialized urandom read (16 bytes read)
Oct 25 10:12:45 cisadmin-VirtualBox kernel: IPv6: ADDRCONF(NETDEV_UP): enp0s3: link is not ready
Oct 25 10:12:45 cisadmin-VirtualBox kernel: e1000: enp0s3 NIC Link is Up 1000 Mbps Full Duplex, Flow Control: RX
Oct 25 10:12:45 cisadmin-VirtualBox kernel: IPv6: ADDRCONF(NETDEV_CHANGE): enp0s3: link becomes ready
Oct 25 10:12:45 cisadmin-VirtualBox kernel: NET: Registered protocol family 38
Oct 25 10:12:45 cisadmin-VirtualBox kernel: EXT4-fs (dm-1): mounted filesystem with ordered data mode. Opts: (null)
Oct 25 10:12:45 cisadmin-VirtualBox kernel: random: crng init done
Oct 25 10:12:45 cisadmin-VirtualBox kernel: random: 6 urandom warning(s) missed due to ratelimiting
Oct 25 10:12:45 cisadmin-VirtualBox kernel: ip_tables: (C) 2000-2006 Netfilter Core Team
Oct 25 10:12:45 cisadmin-VirtualBox systemd[1]: systemd 237 running in system mode. (+PAM +AUDIT +SELINUX +IMA +APPARMOR +SMACK +SYSVINIT +UTMP +LIBCRYPTSETUP +GCRYPT +GNUTLS +ACL +XZ +LZ4 +SECCOMP +BLKID +ELFUTILS +KMOD -IDN2 +IDN -PCRE2 default-hierarchy=hybrid)
Oct 25 10:12:45 cisadmin-VirtualBox systemd[1]: Detected virtualization oracle.
Oct 25 10:12:45 cisadmin-VirtualBox systemd[1]: Detected architecture x86-64.
Oct 25 10:12:45 cisadmin-VirtualBox systemd[1]: Set hostname to <cisadmin-VirtualBox>.
Oct 25 10:12:45 cisadmin-VirtualBox systemd[1]: dev-mapper-ubuntu\x2d\x2dvg\x2droot.device: Dependency Before=network-online.target ignored (.device units cannot be delayed)
Oct 25 10:12:45 cisadmin-VirtualBox systemd[1]: dev-mapper-ubuntu\x2d\x2dvg\x2droot.device: Dependency Before=network.target ignored (.device units cannot be delayed)
Oct 25 10:12:45 cisadmin-VirtualBox systemd[1]: Created slice User and Session Slice.
Oct 25 10:12:45 cisadmin-VirtualBox systemd[1]: Started Forward Password Requests to Wall Directory Watch.
Oct 25 10:12:45 cisadmin-VirtualBox systemd[1]: Reached target User and Group Name Lookups.
Oct 25 10:12:45 cisadmin-VirtualBox systemd[1]: Set up automount Arbitrary Executable File Formats File System Automount Point.
Oct 25 10:12:45 cisadmin-VirtualBox systemd-journald[739]: Journal started
-- Subject: The journal has been started
-- Defined-By: systemd
-- Support: http://www.ubuntu.com/support
-- 
-- The system journal process has started up, opened the journal
-- files for writing and is now ready to process requests.
Oct 25 10:12:45 cisadmin-VirtualBox systemd-journald[739]: Runtime journal (/run/log/journal/ca8eb3883c284e3198532b2a94019495) is 4.9M, max 39.4M, 34.5M free.
-- Subject: Disk space used by the journal
-- Defined-By: systemd
-- Support: http://www.ubuntu.com/support
-- 
-- Runtime journal (/run/log/journal/ca8eb3883c284e3198532b2a94019495) is currently using 4.9M.
-- Maximum allowed usage is set to 39.4M.
-- Leaving at least 59.1M free (of currently available 388.9M of disk space).
-- Enforced usage limit is thus 39.4M, of which 34.5M are still available.
-- 
-- The limits controlling how much disk space is used by the journal may
-- be configured with SystemMaxUse=, SystemKeepFree=, SystemMaxFileSize=,
-- RuntimeMaxUse=, RuntimeKeepFree=, RuntimeMaxFileSize= settings in
-- /etc/systemd/journald.conf. See journald.conf(5) for details.
Oct 25 10:12:45 cisadmin-VirtualBox systemd[1]: Mounted POSIX Message Queue File System.
-- Subject: Unit dev-mqueue.mount has finished start-up
-- Defined-By: systemd
-- Support: http://www.ubuntu.com/support
-- 
-- Unit dev-mqueue.mount has finished starting up.
-- 
-- The start-up result is RESULT.
Oct 25 10:12:45 cisadmin-VirtualBox systemd[1]: Mounted Huge Pages File System.
-- Subject: Unit dev-hugepages.mount has finished start-up
-- Defined-By: systemd
-- Support: http://www.ubuntu.com/support
-- 
-- Unit dev-hugepages.mount has finished starting up.
-- 
-- The start-up result is RESULT.
Oct 25 10:12:45 cisadmin-VirtualBox systemd[1]: Mounted Kernel Debug File System.
-- Subject: Unit sys-kernel-debug.mount has finished start-up
-- Defined-By: systemd
-- Support: http://www.ubuntu.com/support
-- 
-- Unit sys-kernel-debug.mount has finished starting up.
-- 
-- The start-up result is RESULT.
Oct 25 10:12:46 cisadmin-VirtualBox systemd[1]: Started Remount Root and Kernel File Systems.
-- Subject: Unit systemd-remount-fs.service has finished start-up
-- Defined-By: systemd
-- Support: http://www.ubuntu.com/support
-- 
-- Unit systemd-remount-fs.service has finished starting up.
-- 
-- The start-up result is RESULT.
Oct 25 10:12:46 cisadmin-VirtualBox kernel: EXT4-fs (dm-1): re-mounted. Opts: errors=remount-ro
Oct 25 10:12:46 cisadmin-VirtualBox systemd[1]: Starting Flush Journal to Persistent Storage...
-- Subject: Unit systemd-journal-flush.service has begun start-up
-- Defined-By: systemd
-- Support: http://www.ubuntu.com/support
-- 
-- Unit systemd-journal-flush.service has begun starting up.
Oct 25 10:12:46 cisadmin-VirtualBox systemd[1]: Starting Load/Save Random Seed...
-- Subject: Unit systemd-random-seed.service has begun start-up
-- Defined-By: systemd
-- Support: http://www.ubuntu.com/support
-- 
-- Unit systemd-random-seed.service has begun starting up.
Oct 25 10:12:46 cisadmin-VirtualBox systemd[1]: Started LVM2 metadata daemon.
-- Subject: Unit lvm2-lvmetad.service has finished start-up
-- Defined-By: systemd
-- Support: http://www.ubuntu.com/support
-- 
-- Unit lvm2-lvmetad.service has finished starting up.
-- 
-- The start-up result is RESULT.
Oct 25 10:12:46 cisadmin-VirtualBox systemd[1]: Started Create Static Device Nodes in /dev.
-- Subject: Unit systemd-tmpfiles-setup-dev.service has finished start-up
-- Defined-By: systemd
-- Support: http://www.ubuntu.com/support
-- 
-- Unit systemd-tmpfiles-setup-dev.service has finished starting up.
-- 
-- The start-up result is RESULT.
Oct 25 10:12:46 cisadmin-VirtualBox systemd[1]: Starting udev Kernel Device Manager...
-- Subject: Unit systemd-udevd.service has begun start-up
-- Defined-By: systemd
-- Support: http://www.ubuntu.com/support
-- 
-- Unit systemd-udevd.service has begun starting up.
Oct 25 10:12:46 cisadmin-VirtualBox systemd-modules-load[733]: Inserted module 'lp'
Oct 25 10:12:46 cisadmin-VirtualBox kernel: lp: driver loaded but no devices found
Oct 25 10:12:46 cisadmin-VirtualBox systemd[1]: Started Load/Save Random Seed.
-- Subject: Unit systemd-random-seed.service has finished start-up
-- Defined-By: systemd
-- Support: http://www.ubuntu.com/support
-- 
-- Unit systemd-random-seed.service has finished starting up.
-- 
-- The start-up result is RESULT.
Oct 25 10:12:46 cisadmin-VirtualBox systemd-modules-load[733]: Inserted module 'ppdev'
Oct 25 10:12:46 cisadmin-VirtualBox kernel: ppdev: user-space parallel port driver
Oct 25 10:12:46 cisadmin-VirtualBox systemd-modules-load[733]: Inserted module 'parport_pc'
Oct 25 10:12:46 cisadmin-VirtualBox systemd[1]: Started Load Kernel Modules.
-- Subject: Unit systemd-modules-load.service has finished start-up
-- Defined-By: systemd
-- Support: http://www.ubuntu.com/support
-- 
-- Unit systemd-modules-load.service has finished starting up.
-- 
-- The start-up result is RESULT.
Oct 25 10:12:46 cisadmin-VirtualBox systemd[1]: Mounting FUSE Control File System...
-- Subject: Unit sys-fs-fuse-connections.mount has begun start-up
-- Defined-By: systemd
-- Support: http://www.ubuntu.com/support
-- 
-- Unit sys-fs-fuse-connections.mount has begun starting up.
Oct 25 10:12:46 cisadmin-VirtualBox systemd[1]: Mounting Kernel Configuration File System...
-- Subject: Unit sys-kernel-config.mount has begun start-up
-- Defined-By: systemd
-- Support: http://www.ubuntu.com/support
-- 
-- Unit sys-kernel-config.mount has begun starting up.
Oct 25 10:12:46 cisadmin-VirtualBox systemd[1]: Starting Apply Kernel Variables...
-- Subject: Unit systemd-sysctl.service has begun start-up
-- Defined-By: systemd
-- Support: http://www.ubuntu.com/support
-- 
-- Unit systemd-sysctl.service has begun starting up.
Oct 25 10:12:46 cisadmin-VirtualBox systemd[1]: Mounted FUSE Control File System.
-- Subject: Unit sys-fs-fuse-connections.mount has finished start-up
-- Defined-By: systemd
-- Support: http://www.ubuntu.com/support
-- 
-- Unit sys-fs-fuse-connections.mount has finished starting up.
-- 
-- The start-up result is RESULT.
Oct 25 10:12:46 cisadmin-VirtualBox systemd[1]: Mounted Kernel Configuration File System.
-- Subject: Unit sys-kernel-config.mount has finished start-up
-- Defined-By: systemd
-- Support: http://www.ubuntu.com/support
-- 
-- Unit sys-kernel-config.mount has finished starting up.
-- 
-- The start-up result is RESULT.
Oct 25 10:12:46 cisadmin-VirtualBox systemd-journald[739]: Time spent on flushing to /var is 1.216071s for 488 entries.
Oct 25 10:12:46 cisadmin-VirtualBox systemd-journald[739]: System journal (/var/log/journal/ca8eb3883c284e3198532b2a94019495) is 56.0M, max 832.2M, 776.2M free.
-- Subject: Disk space used by the journal
-- Defined-By: systemd
-- Support: http://www.ubuntu.com/support
-- 
-- System journal (/var/log/journal/ca8eb3883c284e3198532b2a94019495) is currently using 56.0M.
-- Maximum allowed usage is set to 832.2M.
-- Leaving at least 1.2G free (of currently available 2.4G of disk space).
-- Enforced usage limit is thus 832.2M, of which 776.2M are still available.
-- 
-- The limits controlling how much disk space is used by the journal may
-- be configured with SystemMaxUse=, SystemKeepFree=, SystemMaxFileSize=,
-- RuntimeMaxUse=, RuntimeKeepFree=, RuntimeMaxFileSize= settings in
-- /etc/systemd/journald.conf. See journald.conf(5) for details.
Oct 25 10:12:50 cisadmin-VirtualBox lvm[740]:   2 logical volume(s) in volume group "ubuntu-vg" monitored
Oct 25 10:12:47 cisadmin-VirtualBox systemd[1]: Started Apply Kernel Variables.
-- Subject: Unit systemd-sysctl.service has finished start-up
-- Defined-By: systemd
-- Support: http://www.ubuntu.com/support
-- 
-- Unit systemd-sysctl.service has finished starting up.
-- 
-- The start-up result is RESULT.
Oct 25 10:12:47 cisadmin-VirtualBox systemd[1]: Started Set the console keyboard layout.
-- Subject: Unit keyboard-setup.service has finished start-up
-- Defined-By: systemd
-- Support: http://www.ubuntu.com/support
-- 
-- Unit keyboard-setup.service has finished starting up.
-- 
-- The start-up result is RESULT.
Oct 25 10:12:48 cisadmin-VirtualBox systemd[1]: Started Monitoring of LVM2 mirrors, snapshots etc. using dmeventd or progress polling.
-- Subject: Unit lvm2-monitor.service has finished start-up
-- Defined-By: systemd
-- Support: http://www.ubuntu.com/support
-- 
-- Unit lvm2-monitor.service has finished starting up.
-- 
-- The start-up result is RESULT.
Oct 25 10:12:48 cisadmin-VirtualBox systemd[1]: Reached target Local File Systems (Pre).
-- Subject: Unit local-fs-pre.target has finished start-up
-- Defined-By: systemd
-- Support: http://www.ubuntu.com/support
-- 
-- Unit local-fs-pre.target has finished starting up.
-- 
-- The start-up result is RESULT.
Oct 25 10:12:48 cisadmin-VirtualBox systemd[1]: Mounting Mount unit for gnome-3-26-1604, revision 70...
-- Subject: Unit snap-gnome\x2d3\x2d26\x2d1604-70.mount has begun start-up
-- Defined-By: systemd
-- Support: http://www.ubuntu.com/support
-- 
-- Unit snap-gnome\x2d3\x2d26\x2d1604-70.mount has begun starting up.
Oct 25 10:12:48 cisadmin-VirtualBox systemd[1]: Mounting Mount unit for gnome-system-monitor, revision 57...
-- Subject: Unit snap-gnome\x2dsystem\x2dmonitor-57.mount has begun start-up
-- Defined-By: systemd
-- Support: http://www.ubuntu.com/support
-- 
-- Unit snap-gnome\x2dsystem\x2dmonitor-57.mount has begun starting up.
Oct 25 10:12:48 cisadmin-VirtualBox systemd[1]: Mounting Mount unit for core, revision 4917...
-- Subject: Unit snap-core-4917.mount has begun start-up
-- Defined-By: systemd
-- Support: http://www.ubuntu.com/support
-- 
-- Unit snap-core-4917.mount has begun starting up.
Oct 25 10:12:48 cisadmin-VirtualBox systemd[1]: Mounting Mount unit for gnome-system-monitor, revision 51...
-- Subject: Unit snap-gnome\x2dsystem\x2dmonitor-51.mount has begun start-up
-- Defined-By: systemd
-- Support: http://www.ubuntu.com/support
-- 
-- Unit snap-gnome\x2dsystem\x2dmonitor-51.mount has begun starting up.
Oct 25 10:12:48 cisadmin-VirtualBox systemd[1]: Mounting Mount unit for gnome-calculator, revision 238...
-- Subject: Unit snap-gnome\x2dcalculator-238.mount has begun start-up
-- Defined-By: systemd
-- Support: http://www.ubuntu.com/support
-- 
-- Unit snap-gnome\x2dcalculator-238.mount has begun starting up.
Oct 25 10:12:48 cisadmin-VirtualBox systemd[1]: Mounting Mount unit for gnome-calculator, revision 180...
-- Subject: Unit snap-gnome\x2dcalculator-180.mount has begun start-up
-- Defined-By: systemd
-- Support: http://www.ubuntu.com/support
-- 
-- Unit snap-gnome\x2dcalculator-180.mount has begun starting up.
Oct 25 10:12:48 cisadmin-VirtualBox systemd[1]: Mounting Mount unit for gnome-logs, revision 45...
-- Subject: Unit snap-gnome\x2dlogs-45.mount has begun start-up
-- Defined-By: systemd
-- Support: http://www.ubuntu.com/support
-- 
-- Unit snap-gnome\x2dlogs-45.mount has begun starting up.
Oct 25 10:12:49 cisadmin-VirtualBox systemd[1]: Mounting Mount unit for gtk-common-themes, revision 319...
-- Subject: Unit snap-gtk\x2dcommon\x2dthemes-319.mount has begun start-up
-- Defined-By: systemd
-- Support: http://www.ubuntu.com/support
-- 
-- Unit snap-gtk\x2dcommon\x2dthemes-319.mount has begun starting up.
Oct 25 10:12:49 cisadmin-VirtualBox systemd[1]: Mounting Mount unit for gnome-characters, revision 103...
-- Subject: Unit snap-gnome\x2dcharacters-103.mount has begun start-up
-- Defined-By: systemd
-- Support: http://www.ubuntu.com/support
-- 
-- Unit snap-gnome\x2dcharacters-103.mount has begun starting up.
Oct 25 10:12:49 cisadmin-VirtualBox systemd[1]: Mounting Mount unit for core, revision 5662...
-- Subject: Unit snap-core-5662.mount has begun start-up
-- Defined-By: systemd
-- Support: http://www.ubuntu.com/support
-- 
-- Unit snap-core-5662.mount has begun starting up.
Oct 25 10:12:49 cisadmin-VirtualBox systemd[1]: Mounting Mount unit for gtk-common-themes, revision 701...
-- Subject: Unit snap-gtk\x2dcommon\x2dthemes-701.mount has begun start-up
-- Defined-By: systemd
-- Support: http://www.ubuntu.com/support
-- 
-- Unit snap-gtk\x2dcommon\x2dthemes-701.mount has begun starting up.
Oct 25 10:12:49 cisadmin-VirtualBox systemd[1]: Mounting Mount unit for gnome-characters, revision 124...
-- Subject: Unit snap-gnome\x2dcharacters-124.mount has begun start-up
-- Defined-By: systemd
-- Support: http://www.ubuntu.com/support
-- 
-- Unit snap-gnome\x2dcharacters-124.mount has begun starting up.
Oct 25 10:12:50 cisadmin-VirtualBox systemd[1]: Mounting Mount unit for gnome-3-26-1604, revision 74...
-- Subject: Unit snap-gnome\x2d3\x2d26\x2d1604-74.mount has begun start-up
-- Defined-By: systemd
-- Support: http://www.ubuntu.com/support
-- 
-- Unit snap-gnome\x2d3\x2d26\x2d1604-74.mount has begun starting up.
Oct 25 10:12:50 cisadmin-VirtualBox systemd[1]: Mounting Mount unit for gnome-logs, revision 37...
-- Subject: Unit snap-gnome\x2dlogs-37.mount has begun start-up
-- Defined-By: systemd
-- Support: http://www.ubuntu.com/support
-- 
-- Unit snap-gnome\x2dlogs-37.mount has begun starting up.
Oct 25 10:12:50 cisadmin-VirtualBox systemd[1]: Started Flush Journal to Persistent Storage.
-- Subject: Unit systemd-journal-flush.service has finished start-up
-- Defined-By: systemd
-- Support: http://www.ubuntu.com/support
-- 
-- Unit systemd-journal-flush.service has finished starting up.
-- 
-- The start-up result is RESULT.
Oct 25 10:12:50 cisadmin-VirtualBox systemd[1]: Mounted Mount unit for gnome-3-26-1604, revision 70.
-- Subject: Unit snap-gnome\x2d3\x2d26\x2d1604-70.mount has finished start-up
-- Defined-By: systemd
-- Support: http://www.ubuntu.com/support
-- 
-- Unit snap-gnome\x2d3\x2d26\x2d1604-70.mount has finished starting up.
-- 
-- The start-up result is RESULT.
Oct 25 10:12:50 cisadmin-VirtualBox systemd[1]: Mounted Mount unit for core, revision 4917.
-- Subject: Unit snap-core-4917.mount has finished start-up
-- Defined-By: systemd
-- Support: http://www.ubuntu.com/support
-- 
-- Unit snap-core-4917.mount has finished starting up.
-- 
-- The start-up result is RESULT.
Oct 25 10:12:50 cisadmin-VirtualBox systemd[1]: Mounted Mount unit for gnome-system-monitor, revision 51.
-- Subject: Unit snap-gnome\x2dsystem\x2dmonitor-51.mount has finished start-up
-- Defined-By: systemd
-- Support: http://www.ubuntu.com/support
-- 
-- Unit snap-gnome\x2dsystem\x2dmonitor-51.mount has finished starting up.
-- 
-- The start-up result is RESULT.
Oct 25 10:12:50 cisadmin-VirtualBox systemd[1]: Mounted Mount unit for gnome-calculator, revision 238.
-- Subject: Unit snap-gnome\x2dcalculator-238.mount has finished start-up
-- Defined-By: systemd
-- Support: http://www.ubuntu.com/support
-- 
-- Unit snap-gnome\x2dcalculator-238.mount has finished starting up.
-- 
-- The start-up result is RESULT.
Oct 25 10:12:50 cisadmin-VirtualBox systemd[1]: Mounted Mount unit for gnome-logs, revision 45.
-- Subject: Unit snap-gnome\x2dlogs-45.mount has finished start-up
-- Defined-By: systemd
-- Support: http://www.ubuntu.com/support
-- 
-- Unit snap-gnome\x2dlogs-45.mount has finished starting up.
-- 
-- The start-up result is RESULT.
Oct 25 10:12:50 cisadmin-VirtualBox systemd[1]: Started udev Kernel Device Manager.
-- Subject: Unit systemd-udevd.service has finished start-up
-- Defined-By: systemd
-- Support: http://www.ubuntu.com/support
-- 
-- Unit systemd-udevd.service has finished starting up.
-- 
-- The start-up result is RESULT.
Oct 25 10:12:50 cisadmin-VirtualBox systemd[1]: Starting Show Plymouth Boot Screen...
-- Subject: Unit plymouth-start.service has begun start-up
-- Defined-By: systemd
-- Support: http://www.ubuntu.com/support
-- 
-- Unit plymouth-start.service has begun starting up.
Oct 25 10:12:50 cisadmin-VirtualBox systemd[1]: Mounted Mount unit for gtk-common-themes, revision 319.
-- Subject: Unit snap-gtk\x2dcommon\x2dthemes-319.mount has finished start-up
-- Defined-By: systemd
-- Support: http://www.ubuntu.com/support
-- 
-- Unit snap-gtk\x2dcommon\x2dthemes-319.mount has finished starting up.
-- 
-- The start-up result is RESULT.
Oct 25 10:12:50 cisadmin-VirtualBox systemd[1]: Mounted Mount unit for gnome-characters, revision 103.
-- Subject: Unit snap-gnome\x2dcharacters-103.mount has finished start-up
-- Defined-By: systemd
-- Support: http://www.ubuntu.com/support
-- 
-- Unit snap-gnome\x2dcharacters-103.mount has finished starting up.
-- 
-- The start-up result is RESULT.
Oct 25 10:12:50 cisadmin-VirtualBox systemd[1]: Mounted Mount unit for gnome-logs, revision 37.
-- Subject: Unit snap-gnome\x2dlogs-37.mount has finished start-up
-- Defined-By: systemd
-- Support: http://www.ubuntu.com/support
-- 
-- Unit snap-gnome\x2dlogs-37.mount has finished starting up.
-- 
-- The start-up result is RESULT.
Oct 25 10:12:50 cisadmin-VirtualBox systemd[1]: Mounted Mount unit for core, revision 5662.
-- Subject: Unit snap-core-5662.mount has finished start-up
-- Defined-By: systemd
-- Support: http://www.ubuntu.com/support
-- 
-- Unit snap-core-5662.mount has finished starting up.
-- 
-- The start-up result is RESULT.
Oct 25 10:12:50 cisadmin-VirtualBox systemd[1]: Mounted Mount unit for gtk-common-themes, revision 701.
-- Subject: Unit snap-gtk\x2dcommon\x2dthemes-701.mount has finished start-up
-- Defined-By: systemd
-- Support: http://www.ubuntu.com/support
-- 
-- Unit snap-gtk\x2dcommon\x2dthemes-701.mount has finished starting up.
-- 
-- The start-up result is RESULT.
Oct 25 10:12:50 cisadmin-VirtualBox systemd[1]: Mounted Mount unit for gnome-system-monitor, revision 57.
-- Subject: Unit snap-gnome\x2dsystem\x2dmonitor-57.mount has finished start-up
-- Defined-By: systemd
-- Support: http://www.ubuntu.com/support
-- 
-- Unit snap-gnome\x2dsystem\x2dmonitor-57.mount has finished starting up.
-- 
-- The start-up result is RESULT.
Oct 25 10:12:50 cisadmin-VirtualBox systemd[1]: Mounted Mount unit for gnome-characters, revision 124.
-- Subject: Unit snap-gnome\x2dcharacters-124.mount has finished start-up
-- Defined-By: systemd
-- Support: http://www.ubuntu.com/support
-- 
-- Unit snap-gnome\x2dcharacters-124.mount has finished starting up.
-- 
-- The start-up result is RESULT.
Oct 25 10:12:50 cisadmin-VirtualBox systemd[1]: Mounted Mount unit for gnome-calculator, revision 180.
-- Subject: Unit snap-gnome\x2dcalculator-180.mount has finished start-up
-- Defined-By: systemd
-- Support: http://www.ubuntu.com/support
-- 
-- Unit snap-gnome\x2dcalculator-180.mount has finished starting up.
-- 
-- The start-up result is RESULT.
Oct 25 10:12:50 cisadmin-VirtualBox systemd[1]: Mounted Mount unit for gnome-3-26-1604, revision 74.
-- Subject: Unit snap-gnome\x2d3\x2d26\x2d1604-74.mount has finished start-up
-- Defined-By: systemd
-- Support: http://www.ubuntu.com/support
-- 
-- Unit snap-gnome\x2d3\x2d26\x2d1604-74.mount has finished starting up.
-- 
-- The start-up result is RESULT.
Oct 25 10:12:51 cisadmin-VirtualBox kernel: vgdrvHeartbeatInit: Setting up heartbeat to trigger every 2000 milliseconds
Oct 25 10:12:51 cisadmin-VirtualBox kernel: input: Unspecified device as /devices/pci0000:00/0000:00:04.0/input/input7
Oct 25 10:12:51 cisadmin-VirtualBox kernel: vboxguest: misc device minor 55, IRQ 20, I/O port d020, MMIO at 00000000f0400000 (size 0x400000)
Oct 25 10:12:51 cisadmin-VirtualBox kernel: vboxguest: Successfully loaded version 5.2.8_KernelUbuntu (interface 0x00010004)
Oct 25 10:12:51 cisadmin-VirtualBox systemd-udevd[799]: link_config: autonegotiation is unset or enabled, the speed and duplex are not writable.
Oct 25 10:12:51 cisadmin-VirtualBox systemd[1]: Started Show Plymouth Boot Screen.
-- Subject: Unit plymouth-start.service has finished start-up
-- Defined-By: systemd
-- Support: http://www.ubuntu.com/support
-- 
-- Unit plymouth-start.service has finished starting up.
-- 
-- The start-up result is RESULT.
Oct 25 10:12:51 cisadmin-VirtualBox systemd[1]: Started Forward Password Requests to Plymouth Directory Watch.
-- Subject: Unit systemd-ask-password-plymouth.path has finished start-up
-- Defined-By: systemd
-- Support: http://www.ubuntu.com/support
-- 
-- Unit systemd-ask-password-plymouth.path has finished starting up.
-- 
-- The start-up result is RESULT.
Oct 25 10:12:51 cisadmin-VirtualBox systemd[1]: Reached target Local Encrypted Volumes.
-- Subject: Unit cryptsetup.target has finished start-up
-- Defined-By: systemd
-- Support: http://www.ubuntu.com/support
-- 
-- Unit cryptsetup.target has finished starting up.
-- 
-- The start-up result is RESULT.
Oct 25 10:12:51 cisadmin-VirtualBox mtp-probe[814]: checking bus 2, device 2: "/sys/devices/pci0000:00/0000:00:06.0/usb2/2-1"
Oct 25 10:12:51 cisadmin-VirtualBox mtp-probe[814]: bus: 2, device: 2 was not an MTP device
Oct 25 10:12:51 cisadmin-VirtualBox kernel: RAPL PMU: API unit is 2^-32 Joules, 3 fixed counters, 10737418240 ms ovfl timer
Oct 25 10:12:51 cisadmin-VirtualBox kernel: RAPL PMU: hw unit of domain pp0-core 2^-0 Joules
Oct 25 10:12:51 cisadmin-VirtualBox kernel: RAPL PMU: hw unit of domain package 2^-0 Joules
Oct 25 10:12:51 cisadmin-VirtualBox kernel: RAPL PMU: hw unit of domain pp1-gpu 2^-0 Joules
Oct 25 10:12:51 cisadmin-VirtualBox kernel: vboxvideo: module is from the staging directory, the quality is unknown, you have been warned.
Oct 25 10:12:51 cisadmin-VirtualBox kernel: vboxvideo: module verification failed: signature and/or required key missing - tainting kernel
Oct 25 10:12:51 cisadmin-VirtualBox kernel: [drm] VRAM 01000000
Oct 25 10:12:51 cisadmin-VirtualBox kernel: [TTM] Zone  kernel: Available graphics memory: 2019778 kiB
Oct 25 10:12:51 cisadmin-VirtualBox kernel: [TTM] Initializing pool allocator
Oct 25 10:12:51 cisadmin-VirtualBox kernel: [TTM] Initializing DMA pool allocator
Oct 25 10:12:51 cisadmin-VirtualBox kernel: fbcon: vboxdrmfb (fb0) is primary device
Oct 25 10:12:51 cisadmin-VirtualBox kernel: Console: switching to colour frame buffer device 100x37
Oct 25 10:12:51 cisadmin-VirtualBox kernel: vboxvideo 0000:00:02.0: fb0: vboxdrmfb frame buffer device
Oct 25 10:12:51 cisadmin-VirtualBox kernel: [drm] Initialized vboxvideo 1.0.0 20130823 for 0000:00:02.0 on minor 0
Oct 25 10:12:51 cisadmin-VirtualBox systemd-udevd[798]: link_config: autonegotiation is unset or enabled, the speed and duplex are not writable.
Oct 25 10:12:52 cisadmin-VirtualBox systemd[1]: Listening on Load/Save RF Kill Switch Status /dev/rfkill Watch.
-- Subject: Unit systemd-rfkill.socket has finished start-up
-- Defined-By: systemd
-- Support: http://www.ubuntu.com/support
-- 
-- Unit systemd-rfkill.socket has finished starting up.
-- 
-- The start-up result is RESULT.
Oct 25 10:12:53 cisadmin-VirtualBox kernel: snd_intel8x0 0000:00:05.0: white list rate for 1028:0177 is 48000
Oct 25 10:12:53 cisadmin-VirtualBox systemd[1]: Reached target Sound Card.
-- Subject: Unit sound.target has finished start-up
-- Defined-By: systemd
-- Support: http://www.ubuntu.com/support
-- 
-- Unit sound.target has finished starting up.
-- 
-- The start-up result is RESULT.
Oct 25 10:12:54 cisadmin-VirtualBox systemd[1]: Found device /dev/mapper/ubuntu--vg-swap_1.
-- Subject: Unit dev-mapper-ubuntu\x2d\x2dvg\x2dswap_1.device has finished start-up
-- Defined-By: systemd
-- Support: http://www.ubuntu.com/support
-- 
-- Unit dev-mapper-ubuntu\x2d\x2dvg\x2dswap_1.device has finished starting up.
-- 
-- The start-up result is RESULT.
Oct 25 10:12:54 cisadmin-VirtualBox systemd[1]: Activating swap /dev/mapper/ubuntu--vg-swap_1...
-- Subject: Unit dev-mapper-ubuntu\x2d\x2dvg\x2dswap_1.swap has begun start-up
-- Defined-By: systemd
-- Support: http://www.ubuntu.com/support
-- 
-- Unit dev-mapper-ubuntu\x2d\x2dvg\x2dswap_1.swap has begun starting up.
Oct 25 10:12:54 cisadmin-VirtualBox systemd[1]: Created slice system-lvm2\x2dpvscan.slice.
-- Subject: Unit system-lvm2\x2dpvscan.slice has finished start-up
-- Defined-By: systemd
-- Support: http://www.ubuntu.com/support
-- 
-- Unit system-lvm2\x2dpvscan.slice has finished starting up.
-- 
-- The start-up result is RESULT.
Oct 25 10:12:54 cisadmin-VirtualBox systemd[1]: Starting LVM2 PV scan on device 253:0...
-- Subject: Unit lvm2-pvscan@253:0.service has begun start-up
-- Defined-By: systemd
-- Support: http://www.ubuntu.com/support
-- 
-- Unit lvm2-pvscan@253:0.service has begun starting up.
Oct 25 10:12:54 cisadmin-VirtualBox systemd[1]: Created slice system-systemd\x2dcryptsetup.slice.
-- Subject: Unit system-systemd\x2dcryptsetup.slice has finished start-up
-- Defined-By: systemd
-- Support: http://www.ubuntu.com/support
-- 
-- Unit system-systemd\x2dcryptsetup.slice has finished starting up.
-- 
-- The start-up result is RESULT.
Oct 25 10:12:54 cisadmin-VirtualBox kernel: Adding 1003516k swap on /dev/mapper/ubuntu--vg-swap_1.  Priority:-2 extents:1 across:1003516k FS
Oct 25 10:12:54 cisadmin-VirtualBox systemd[1]: Activated swap /dev/mapper/ubuntu--vg-swap_1.
-- Subject: Unit dev-mapper-ubuntu\x2d\x2dvg\x2dswap_1.swap has finished start-up
-- Defined-By: systemd
-- Support: http://www.ubuntu.com/support
-- 
-- Unit dev-mapper-ubuntu\x2d\x2dvg\x2dswap_1.swap has finished starting up.
-- 
-- The start-up result is RESULT.
Oct 25 10:12:54 cisadmin-VirtualBox systemd[1]: Reached target Swap.
-- Subject: Unit swap.target has finished start-up
-- Defined-By: systemd
-- Support: http://www.ubuntu.com/support
-- 
-- Unit swap.target has finished starting up.
-- 
-- The start-up result is RESULT.
Oct 25 10:12:54 cisadmin-VirtualBox lvm[944]:   2 logical volume(s) in volume group "ubuntu-vg" now active
Oct 25 10:12:54 cisadmin-VirtualBox systemd[1]: Started LVM2 PV scan on device 253:0.
-- Subject: Unit lvm2-pvscan@253:0.service has finished start-up
-- Defined-By: systemd
-- Support: http://www.ubuntu.com/support
-- 
-- Unit lvm2-pvscan@253:0.service has finished starting up.
-- 
-- The start-up result is RESULT.
Oct 25 10:12:54 cisadmin-VirtualBox systemd[1]: Found device VBOX_HARDDISK 5.
-- Subject: Unit dev-disk-by\x2duuid-52dce006\x2d353f\x2d42fe\x2d97f5\x2d3d1939ecdfec.device has finished start-up
-- Defined-By: systemd
-- Support: http://www.ubuntu.com/support
-- 
-- Unit dev-disk-by\x2duuid-52dce006\x2d353f\x2d42fe\x2d97f5\x2d3d1939ecdfec.device has finished starting up.
-- 
-- The start-up result is RESULT.
Oct 25 10:12:54 cisadmin-VirtualBox systemd[1]: Found device VBOX_HARDDISK 1.
-- Subject: Unit dev-disk-by\x2duuid-4e7a63b9\x2d6055\x2d4b3a\x2dba11\x2db95476bd212a.device has finished start-up
-- Defined-By: systemd
-- Support: http://www.ubuntu.com/support
-- 
-- Unit dev-disk-by\x2duuid-4e7a63b9\x2d6055\x2d4b3a\x2dba11\x2db95476bd212a.device has finished starting up.
-- 
-- The start-up result is RESULT.
Oct 25 10:12:54 cisadmin-VirtualBox systemd[1]: Starting File System Check on /dev/disk/by-uuid/4e7a63b9-6055-4b3a-ba11-b95476bd212a...
-- Subject: Unit systemd-fsck@dev-disk-by\x2duuid-4e7a63b9\x2d6055\x2d4b3a\x2dba11\x2db95476bd212a.service has begun start-up
-- Defined-By: systemd
-- Support: http://www.ubuntu.com/support
-- 
-- Unit systemd-fsck@dev-disk-by\x2duuid-4e7a63b9\x2d6055\x2d4b3a\x2dba11\x2db95476bd212a.service has begun starting up.
Oct 25 10:12:54 cisadmin-VirtualBox systemd[1]: Started File System Check Daemon to report status.
-- Subject: Unit systemd-fsckd.service has finished start-up
-- Defined-By: systemd
-- Support: http://www.ubuntu.com/support
-- 
-- Unit systemd-fsckd.service has finished starting up.
-- 
-- The start-up result is RESULT.
Oct 25 10:12:55 cisadmin-VirtualBox systemd-fsck[977]: /dev/sda1: clean, 317/46848 files, 47676/187136 blocks
Oct 25 10:12:55 cisadmin-VirtualBox systemd[1]: Started File System Check on /dev/disk/by-uuid/4e7a63b9-6055-4b3a-ba11-b95476bd212a.
-- Subject: Unit systemd-fsck@dev-disk-by\x2duuid-4e7a63b9\x2d6055\x2d4b3a\x2dba11\x2db95476bd212a.service has finished start-up
-- Defined-By: systemd
-- Support: http://www.ubuntu.com/support
-- 
-- Unit systemd-fsck@dev-disk-by\x2duuid-4e7a63b9\x2d6055\x2d4b3a\x2dba11\x2db95476bd212a.service has finished starting up.
-- 
-- The start-up result is RESULT.
Oct 25 10:12:55 cisadmin-VirtualBox systemd[1]: Mounting /boot...
-- Subject: Unit boot.mount has begun start-up
-- Defined-By: systemd
-- Support: http://www.ubuntu.com/support
-- 
-- Unit boot.mount has begun starting up.
Oct 25 10:12:55 cisadmin-VirtualBox kernel: EXT4-fs (sda1): mounted filesystem with ordered data mode. Opts: (null)
Oct 25 10:12:55 cisadmin-VirtualBox systemd[1]: Mounted /boot.
-- Subject: Unit boot.mount has finished start-up
-- Defined-By: systemd
-- Support: http://www.ubuntu.com/support
-- 
-- Unit boot.mount has finished starting up.
-- 
-- The start-up result is RESULT.
Oct 25 10:12:55 cisadmin-VirtualBox systemd[1]: Reached target Local File Systems.
-- Subject: Unit local-fs.target has finished start-up
-- Defined-By: systemd
-- Support: http://www.ubuntu.com/support
-- 
-- Unit local-fs.target has finished starting up.
-- 
-- The start-up result is RESULT.
Oct 25 10:12:55 cisadmin-VirtualBox systemd[1]: Starting Create Volatile Files and Directories...
-- Subject: Unit systemd-tmpfiles-setup.service has begun start-up
-- Defined-By: systemd
-- Support: http://www.ubuntu.com/support
-- 
-- Unit systemd-tmpfiles-setup.service has begun starting up.
Oct 25 10:12:55 cisadmin-VirtualBox systemd[1]: Starting Tell Plymouth To Write Out Runtime Data...
-- Subject: Unit plymouth-read-write.service has begun start-up
-- Defined-By: systemd
-- Support: http://www.ubuntu.com/support
-- 
-- Unit plymouth-read-write.service has begun starting up.
Oct 25 10:12:55 cisadmin-VirtualBox systemd[1]: Starting Set console font and keymap...
-- Subject: Unit console-setup.service has begun start-up
-- Defined-By: systemd
-- Support: http://www.ubuntu.com/support
-- 
-- Unit console-setup.service has begun starting up.
Oct 25 10:12:55 cisadmin-VirtualBox systemd[1]: Starting Clean up any mess left by 0dns-up...
-- Subject: Unit dns-clean.service has begun start-up
-- Defined-By: systemd
-- Support: http://www.ubuntu.com/support
-- 
-- Unit dns-clean.service has begun starting up.
Oct 25 10:12:55 cisadmin-VirtualBox systemd[1]: Starting AppArmor initialization...
-- Subject: Unit apparmor.service has begun start-up
-- Defined-By: systemd
-- Support: http://www.ubuntu.com/support
-- 
-- Unit apparmor.service has begun starting up.
Oct 25 10:12:55 cisadmin-VirtualBox systemd[1]: Started Tell Plymouth To Write Out Runtime Data.
-- Subject: Unit plymouth-read-write.service has finished start-up
-- Defined-By: systemd
-- Support: http://www.ubuntu.com/support
-- 
-- Unit plymouth-read-write.service has finished starting up.
-- 
-- The start-up result is RESULT.
Oct 25 10:12:55 cisadmin-VirtualBox systemd[1]: Started Set console font and keymap.
-- Subject: Unit console-setup.service has finished start-up
-- Defined-By: systemd
-- Support: http://www.ubuntu.com/support
-- 
-- Unit console-setup.service has finished starting up.
-- 
-- The start-up result is RESULT.
Oct 25 10:12:56 cisadmin-VirtualBox systemd[1]: Started Create Volatile Files and Directories.
-- Subject: Unit systemd-tmpfiles-setup.service has finished start-up
-- Defined-By: systemd
-- Support: http://www.ubuntu.com/support
-- 
-- Unit systemd-tmpfiles-setup.service has finished starting up.
-- 
-- The start-up result is RESULT.
Oct 25 10:12:56 cisadmin-VirtualBox systemd[1]: Starting Network Time Synchronization...
-- Subject: Unit systemd-timesyncd.service has begun start-up
-- Defined-By: systemd
-- Support: http://www.ubuntu.com/support
-- 
-- Unit systemd-timesyncd.service has begun starting up.
Oct 25 10:12:56 cisadmin-VirtualBox systemd[1]: Starting Update UTMP about System Boot/Shutdown...
-- Subject: Unit systemd-update-utmp.service has begun start-up
-- Defined-By: systemd
-- Support: http://www.ubuntu.com/support
-- 
-- Unit systemd-update-utmp.service has begun starting up.
Oct 25 10:12:56 cisadmin-VirtualBox systemd[1]: Started Clean up any mess left by 0dns-up.
-- Subject: Unit dns-clean.service has finished start-up
-- Defined-By: systemd
-- Support: http://www.ubuntu.com/support
-- 
-- Unit dns-clean.service has finished starting up.
-- 
-- The start-up result is RESULT.
Oct 25 10:12:56 cisadmin-VirtualBox systemd[1]: Starting Network Service...
-- Subject: Unit systemd-networkd.service has begun start-up
-- Defined-By: systemd
-- Support: http://www.ubuntu.com/support
-- 
-- Unit systemd-networkd.service has begun starting up.
Oct 25 10:12:56 cisadmin-VirtualBox systemd[1]: Started Update UTMP about System Boot/Shutdown.
-- Subject: Unit systemd-update-utmp.service has finished start-up
-- Defined-By: systemd
-- Support: http://www.ubuntu.com/support
-- 
-- Unit systemd-update-utmp.service has finished starting up.
-- 
-- The start-up result is RESULT.
Oct 25 10:12:56 cisadmin-VirtualBox systemd[1]: Started Network Time Synchronization.
-- Subject: Unit systemd-timesyncd.service has finished start-up
-- Defined-By: systemd
-- Support: http://www.ubuntu.com/support
-- 
-- Unit systemd-timesyncd.service has finished starting up.
-- 
-- The start-up result is RESULT.
Oct 25 10:12:56 cisadmin-VirtualBox systemd[1]: Reached target System Time Synchronized.
-- Subject: Unit time-sync.target has finished start-up
-- Defined-By: systemd
-- Support: http://www.ubuntu.com/support
-- 
-- Unit time-sync.target has finished starting up.
-- 
-- The start-up result is RESULT.
Oct 25 10:12:56 cisadmin-VirtualBox apparmor[990]:  * Starting AppArmor profiles
Oct 25 10:12:56 cisadmin-VirtualBox systemd-networkd[1003]: Enumeration completed
Oct 25 10:12:56 cisadmin-VirtualBox systemd[1]: Started Network Service.
-- Subject: Unit systemd-networkd.service has finished start-up
-- Defined-By: systemd
-- Support: http://www.ubuntu.com/support
-- 
-- Unit systemd-networkd.service has finished starting up.
-- 
-- The start-up result is RESULT.
Oct 25 10:12:56 cisadmin-VirtualBox systemd-networkd[1003]: lo: Link is not managed by us
Oct 25 10:12:56 cisadmin-VirtualBox systemd-networkd[1003]: enp0s3: IPv6 successfully enabled
Oct 25 10:12:56 cisadmin-VirtualBox systemd[1]: Starting Network Name Resolution...
-- Subject: Unit systemd-resolved.service has begun start-up
-- Defined-By: systemd
-- Support: http://www.ubuntu.com/support
-- 
-- Unit systemd-resolved.service has begun starting up.
Oct 25 10:12:56 cisadmin-VirtualBox systemd[1]: Starting Wait for Network to be Configured...
-- Subject: Unit systemd-networkd-wait-online.service has begun start-up
-- Defined-By: systemd
-- Support: http://www.ubuntu.com/support
-- 
-- Unit systemd-networkd-wait-online.service has begun starting up.
Oct 25 10:12:56 cisadmin-VirtualBox kernel: IPv6: ADDRCONF(NETDEV_UP): enp0s3: link is not ready
Oct 25 10:12:56 cisadmin-VirtualBox kernel: e1000: enp0s3 NIC Link is Up 1000 Mbps Full Duplex, Flow Control: RX
Oct 25 10:12:56 cisadmin-VirtualBox kernel: IPv6: ADDRCONF(NETDEV_CHANGE): enp0s3: link becomes ready
Oct 25 10:12:56 cisadmin-VirtualBox systemd-networkd[1003]: enp0s3: Gained carrier
Oct 25 10:12:56 cisadmin-VirtualBox systemd-networkd[1003]: enp0s3: DHCPv4 address 10.0.2.14/24 via 10.0.2.1
Oct 25 10:12:56 cisadmin-VirtualBox systemd-timesyncd[1001]: Network configuration changed, trying to establish connection.
Oct 25 10:12:56 cisadmin-VirtualBox systemd-resolved[1041]: Positive Trust Anchors:
Oct 25 10:12:56 cisadmin-VirtualBox systemd-resolved[1041]: . IN DS 19036 8 2 49aac11d7b6f6446702e54a1607371607a1a41855200fd2ce1cdde32f24e8fb5
Oct 25 10:12:56 cisadmin-VirtualBox systemd-resolved[1041]: . IN DS 20326 8 2 e06d44b80b8f1d39a95c0b0d7c65d08458e880409bbc683457104237c7f8ec8d
Oct 25 10:12:56 cisadmin-VirtualBox systemd-resolved[1041]: Negative trust anchors: 10.in-addr.arpa 16.172.in-addr.arpa 17.172.in-addr.arpa 18.172.in-addr.arpa 19.172.in-addr.arpa 20.172.in-addr.arpa 21.172.in-addr.arpa 22.172.in-addr.arpa 23.172.in-addr.arpa 24.172.in-addr.arpa 25.172.in-addr.arpa 26.172.in-addr.arpa 27.172.in-addr.arpa 28.172.in-addr.arpa 29.172.in-addr.arpa 30.172.in-addr.arpa 31.172.in-addr.arpa 168.192.in-addr.arpa d.f.ip6.arpa corp home internal intranet lan local private test
Oct 25 10:12:56 cisadmin-VirtualBox systemd-resolved[1041]: Using system hostname 'cisadmin-VirtualBox'.
Oct 25 10:12:56 cisadmin-VirtualBox systemd[1]: Started Network Name Resolution.
-- Subject: Unit systemd-resolved.service has finished start-up
-- Defined-By: systemd
-- Support: http://www.ubuntu.com/support
-- 
-- Unit systemd-resolved.service has finished starting up.
-- 
-- The start-up result is RESULT.
Oct 25 10:12:56 cisadmin-VirtualBox systemd[1]: Reached target Host and Network Name Lookups.
-- Subject: Unit nss-lookup.target has finished start-up
-- Defined-By: systemd
-- Support: http://www.ubuntu.com/support
-- 
-- Unit nss-lookup.target has finished starting up.
-- 
-- The start-up result is RESULT.
Oct 25 10:12:57 cisadmin-VirtualBox audit[1055]: AVC apparmor="STATUS" operation="profile_load" profile="unconfined" name="/usr/bin/evince" pid=1055 comm="apparmor_parser"
Oct 25 10:12:57 cisadmin-VirtualBox audit[1055]: AVC apparmor="STATUS" operation="profile_load" profile="unconfined" name="/usr/bin/evince//sanitized_helper" pid=1055 comm="apparmor_parser"
Oct 25 10:12:57 cisadmin-VirtualBox audit[1055]: AVC apparmor="STATUS" operation="profile_load" profile="unconfined" name="/usr/bin/evince-previewer" pid=1055 comm="apparmor_parser"
Oct 25 10:12:57 cisadmin-VirtualBox audit[1055]: AVC apparmor="STATUS" operation="profile_load" profile="unconfined" name="/usr/bin/evince-previewer//sanitized_helper" pid=1055 comm="apparmor_parser"
Oct 25 10:12:57 cisadmin-VirtualBox audit[1055]: AVC apparmor="STATUS" operation="profile_load" profile="unconfined" name="/usr/bin/evince-thumbnailer" pid=1055 comm="apparmor_parser"
Oct 25 10:12:57 cisadmin-VirtualBox audit[1055]: AVC apparmor="STATUS" operation="profile_load" profile="unconfined" name="/usr/bin/evince-thumbnailer//sanitized_helper" pid=1055 comm="apparmor_parser"
Oct 25 10:12:57 cisadmin-VirtualBox apparmor[990]: Skipping profile in /etc/apparmor.d/disable: usr.bin.firefox
Oct 25 10:12:57 cisadmin-VirtualBox audit[1054]: AVC apparmor="STATUS" operation="profile_load" profile="unconfined" name="/sbin/dhclient" pid=1054 comm="apparmor_parser"
Oct 25 10:12:57 cisadmin-VirtualBox audit[1054]: AVC apparmor="STATUS" operation="profile_load" profile="unconfined" name="/usr/lib/NetworkManager/nm-dhcp-client.action" pid=1054 comm="apparmor_parser"
Oct 25 10:12:57 cisadmin-VirtualBox audit[1054]: AVC apparmor="STATUS" operation="profile_load" profile="unconfined" name="/usr/lib/NetworkManager/nm-dhcp-helper" pid=1054 comm="apparmor_parser"
Oct 25 10:12:57 cisadmin-VirtualBox audit[1054]: AVC apparmor="STATUS" operation="profile_load" profile="unconfined" name="/usr/lib/connman/scripts/dhclient-script" pid=1054 comm="apparmor_parser"
Oct 25 10:12:57 cisadmin-VirtualBox kernel: audit: type=1400 audit(1540480377.156:2): apparmor="STATUS" operation="profile_load" profile="unconfined" name="/usr/bin/evince" pid=1055 comm="apparmor_parser"
Oct 25 10:12:57 cisadmin-VirtualBox kernel: audit: type=1400 audit(1540480377.156:3): apparmor="STATUS" operation="profile_load" profile="unconfined" name="/usr/bin/evince//sanitized_helper" pid=1055 comm="apparmor_parser"
Oct 25 10:12:57 cisadmin-VirtualBox kernel: audit: type=1400 audit(1540480377.156:4): apparmor="STATUS" operation="profile_load" profile="unconfined" name="/usr/bin/evince-previewer" pid=1055 comm="apparmor_parser"
Oct 25 10:12:57 cisadmin-VirtualBox kernel: audit: type=1400 audit(1540480377.156:5): apparmor="STATUS" operation="profile_load" profile="unconfined" name="/usr/bin/evince-previewer//sanitized_helper" pid=1055 comm="apparmor_parser"
Oct 25 10:12:57 cisadmin-VirtualBox kernel: audit: type=1400 audit(1540480377.156:6): apparmor="STATUS" operation="profile_load" profile="unconfined" name="/usr/bin/evince-thumbnailer" pid=1055 comm="apparmor_parser"
Oct 25 10:12:57 cisadmin-VirtualBox kernel: audit: type=1400 audit(1540480377.156:7): apparmor="STATUS" operation="profile_load" profile="unconfined" name="/usr/bin/evince-thumbnailer//sanitized_helper" pid=1055 comm="apparmor_parser"
Oct 25 10:12:57 cisadmin-VirtualBox kernel: audit: type=1400 audit(1540480377.156:8): apparmor="STATUS" operation="profile_load" profile="unconfined" name="/sbin/dhclient" pid=1054 comm="apparmor_parser"
Oct 25 10:12:57 cisadmin-VirtualBox kernel: audit: type=1400 audit(1540480377.156:9): apparmor="STATUS" operation="profile_load" profile="unconfined" name="/usr/lib/NetworkManager/nm-dhcp-client.action" pid=1054 comm="apparmor_parser"
Oct 25 10:12:57 cisadmin-VirtualBox kernel: audit: type=1400 audit(1540480377.156:10): apparmor="STATUS" operation="profile_load" profile="unconfined" name="/usr/lib/NetworkManager/nm-dhcp-helper" pid=1054 comm="apparmor_parser"
Oct 25 10:12:57 cisadmin-VirtualBox kernel: audit: type=1400 audit(1540480377.156:11): apparmor="STATUS" operation="profile_load" profile="unconfined" name="/usr/lib/connman/scripts/dhclient-script" pid=1054 comm="apparmor_parser"
Oct 25 10:12:57 cisadmin-VirtualBox audit[1057]: AVC apparmor="STATUS" operation="profile_load" profile="unconfined" name="/usr/bin/man" pid=1057 comm="apparmor_parser"
Oct 25 10:12:57 cisadmin-VirtualBox audit[1057]: AVC apparmor="STATUS" operation="profile_load" profile="unconfined" name="man_filter" pid=1057 comm="apparmor_parser"
Oct 25 10:12:57 cisadmin-VirtualBox audit[1057]: AVC apparmor="STATUS" operation="profile_load" profile="unconfined" name="man_groff" pid=1057 comm="apparmor_parser"
Oct 25 10:12:57 cisadmin-VirtualBox audit[1059]: AVC apparmor="STATUS" operation="profile_load" profile="unconfined" name="libreoffice-senddoc" pid=1059 comm="apparmor_parser"
Oct 25 10:12:57 cisadmin-VirtualBox audit[1058]: AVC apparmor="STATUS" operation="profile_load" profile="unconfined" name="libreoffice-oopslash" pid=1058 comm="apparmor_parser"
Oct 25 10:12:57 cisadmin-VirtualBox audit[1060]: AVC apparmor="STATUS" operation="profile_load" profile="unconfined" name="libreoffice-soffice" pid=1060 comm="apparmor_parser"
Oct 25 10:12:57 cisadmin-VirtualBox audit[1060]: AVC apparmor="STATUS" operation="profile_load" profile="unconfined" name="libreoffice-soffice//gpg" pid=1060 comm="apparmor_parser"
Oct 25 10:12:57 cisadmin-VirtualBox audit[1061]: AVC apparmor="STATUS" operation="profile_load" profile="unconfined" name="libreoffice-xpdfimport" pid=1061 comm="apparmor_parser"
Oct 25 10:12:57 cisadmin-VirtualBox audit[1063]: AVC apparmor="STATUS" operation="profile_load" profile="unconfined" name="/usr/sbin/cups-browsed" pid=1063 comm="apparmor_parser"
Oct 25 10:12:57 cisadmin-VirtualBox audit[1062]: AVC apparmor="STATUS" operation="profile_load" profile="unconfined" name="/usr/lib/snapd/snap-confine" pid=1062 comm="apparmor_parser"
Oct 25 10:12:57 cisadmin-VirtualBox audit[1062]: AVC apparmor="STATUS" operation="profile_load" profile="unconfined" name="/usr/lib/snapd/snap-confine//mount-namespace-capture-helper" pid=1062 comm="apparmor_parser"
Oct 25 10:12:57 cisadmin-VirtualBox audit[1065]: AVC apparmor="STATUS" operation="profile_load" profile="unconfined" name="/usr/sbin/ippusbxd" pid=1065 comm="apparmor_parser"
Oct 25 10:12:57 cisadmin-VirtualBox apparmor[990]: Skipping profile in /etc/apparmor.d/disable: usr.sbin.rsyslogd
Oct 25 10:12:57 cisadmin-VirtualBox audit[1064]: AVC apparmor="STATUS" operation="profile_load" profile="unconfined" name="/usr/lib/cups/backend/cups-pdf" pid=1064 comm="apparmor_parser"
Oct 25 10:12:57 cisadmin-VirtualBox audit[1064]: AVC apparmor="STATUS" operation="profile_load" profile="unconfined" name="/usr/sbin/cupsd" pid=1064 comm="apparmor_parser"
Oct 25 10:12:57 cisadmin-VirtualBox audit[1064]: AVC apparmor="STATUS" operation="profile_load" profile="unconfined" name="/usr/sbin/cupsd//third_party" pid=1064 comm="apparmor_parser"
Oct 25 10:12:57 cisadmin-VirtualBox audit[1067]: AVC apparmor="STATUS" operation="profile_load" profile="unconfined" name="/usr/sbin/tcpdump" pid=1067 comm="apparmor_parser"
Oct 25 10:12:57 cisadmin-VirtualBox audit[1081]: AVC apparmor="STATUS" operation="profile_load" profile="unconfined" name="/snap/core/5662/usr/lib/snapd/snap-confine" pid=1081 comm="apparmor_parser"
Oct 25 10:12:57 cisadmin-VirtualBox audit[1081]: AVC apparmor="STATUS" operation="profile_load" profile="unconfined" name="/snap/core/5662/usr/lib/snapd/snap-confine//mount-namespace-capture-helper" pid=1081 comm="apparmor_parser"
Oct 25 10:12:57 cisadmin-VirtualBox audit[1082]: AVC apparmor="STATUS" operation="profile_load" profile="unconfined" name="snap.core.hook.configure" pid=1082 comm="apparmor_parser"
Oct 25 10:12:57 cisadmin-VirtualBox audit[1084]: AVC apparmor="STATUS" operation="profile_load" profile="unconfined" name="snap.gnome-characters.gnome-characters" pid=1084 comm="apparmor_parser"
Oct 25 10:12:57 cisadmin-VirtualBox audit[1083]: AVC apparmor="STATUS" operation="profile_load" profile="unconfined" name="snap.gnome-calculator.gnome-calculator" pid=1083 comm="apparmor_parser"
Oct 25 10:12:57 cisadmin-VirtualBox audit[1085]: AVC apparmor="STATUS" operation="profile_load" profile="unconfined" name="snap.gnome-logs.gnome-logs" pid=1085 comm="apparmor_parser"
Oct 25 10:12:57 cisadmin-VirtualBox audit[1087]: AVC apparmor="STATUS" operation="profile_load" profile="unconfined" name="snap-update-ns.core" pid=1087 comm="apparmor_parser"
Oct 25 10:12:57 cisadmin-VirtualBox audit[1086]: AVC apparmor="STATUS" operation="profile_load" profile="unconfined" name="snap.gnome-system-monitor.gnome-system-monitor" pid=1086 comm="apparmor_parser"
Oct 25 10:12:57 cisadmin-VirtualBox audit[1088]: AVC apparmor="STATUS" operation="profile_load" profile="unconfined" name="snap-update-ns.gnome-calculator" pid=1088 comm="apparmor_parser"
Oct 25 10:12:57 cisadmin-VirtualBox audit[1089]: AVC apparmor="STATUS" operation="profile_load" profile="unconfined" name="snap-update-ns.gnome-characters" pid=1089 comm="apparmor_parser"
Oct 25 10:12:57 cisadmin-VirtualBox audit[1090]: AVC apparmor="STATUS" operation="profile_load" profile="unconfined" name="snap-update-ns.gnome-logs" pid=1090 comm="apparmor_parser"
Oct 25 10:12:57 cisadmin-VirtualBox audit[1091]: AVC apparmor="STATUS" operation="profile_load" profile="unconfined" name="snap-update-ns.gnome-system-monitor" pid=1091 comm="apparmor_parser"
Oct 25 10:12:57 cisadmin-VirtualBox apparmor[990]:    ...done.
Oct 25 10:12:57 cisadmin-VirtualBox systemd[1]: Started AppArmor initialization.
-- Subject: Unit apparmor.service has finished start-up
-- Defined-By: systemd
-- Support: http://www.ubuntu.com/support
-- 
-- Unit apparmor.service has finished starting up.
-- 
-- The start-up result is RESULT.
Oct 25 10:12:57 cisadmin-VirtualBox systemd[1]: Starting Raise network interfaces...
-- Subject: Unit networking.service has begun start-up
-- Defined-By: systemd
-- Support: http://www.ubuntu.com/support
-- 
-- Unit networking.service has begun starting up.
Oct 25 10:12:57 cisadmin-VirtualBox systemd[1]: Reached target System Initialization.
-- Subject: Unit sysinit.target has finished start-up
-- Defined-By: systemd
-- Support: http://www.ubuntu.com/support
-- 
-- Unit sysinit.target has finished starting up.
-- 
-- The start-up result is RESULT.
Oct 25 10:12:57 cisadmin-VirtualBox systemd[1]: Started Daily Cleanup of Temporary Directories.
-- Subject: Unit systemd-tmpfiles-clean.timer has finished start-up
-- Defined-By: systemd
-- Support: http://www.ubuntu.com/support
-- 
-- Unit systemd-tmpfiles-clean.timer has finished starting up.
-- 
-- The start-up result is RESULT.
Oct 25 10:12:57 cisadmin-VirtualBox systemd[1]: Started ACPI Events Check.
-- Subject: Unit acpid.path has finished start-up
-- Defined-By: systemd
-- Support: http://www.ubuntu.com/support
-- 
-- Unit acpid.path has finished starting up.
-- 
-- The start-up result is RESULT.
Oct 25 10:12:57 cisadmin-VirtualBox systemd[1]: Listening on D-Bus System Message Bus Socket.
-- Subject: Unit dbus.socket has finished start-up
-- Defined-By: systemd
-- Support: http://www.ubuntu.com/support
-- 
-- Unit dbus.socket has finished starting up.
-- 
-- The start-up result is RESULT.
Oct 25 10:12:57 cisadmin-VirtualBox systemd[1]: Listening on ACPID Listen Socket.
-- Subject: Unit acpid.socket has finished start-up
-- Defined-By: systemd
-- Support: http://www.ubuntu.com/support
-- 
-- Unit acpid.socket has finished starting up.
-- 
-- The start-up result is RESULT.
Oct 25 10:12:57 cisadmin-VirtualBox systemd[1]: Started Daily apt download activities.
-- Subject: Unit apt-daily.timer has finished start-up
-- Defined-By: systemd
-- Support: http://www.ubuntu.com/support
-- 
-- Unit apt-daily.timer has finished starting up.
-- 
-- The start-up result is RESULT.
Oct 25 10:12:57 cisadmin-VirtualBox systemd[1]: Started Discard unused blocks once a week.
-- Subject: Unit fstrim.timer has finished start-up
-- Defined-By: systemd
-- Support: http://www.ubuntu.com/support
-- 
-- Unit fstrim.timer has finished starting up.
-- 
-- The start-up result is RESULT.
Oct 25 10:12:57 cisadmin-VirtualBox systemd[1]: Started CUPS Scheduler.
-- Subject: Unit cups.path has finished start-up
-- Defined-By: systemd
-- Support: http://www.ubuntu.com/support
-- 
-- Unit cups.path has finished starting up.
-- 
-- The start-up result is RESULT.
Oct 25 10:12:57 cisadmin-VirtualBox systemd[1]: Starting Socket activation for snappy daemon.
-- Subject: Unit snapd.socket has begun start-up
-- Defined-By: systemd
-- Support: http://www.ubuntu.com/support
-- 
-- Unit snapd.socket has begun starting up.
Oct 25 10:12:57 cisadmin-VirtualBox systemd[1]: Started Trigger anacron every hour.
-- Subject: Unit anacron.timer has finished start-up
-- Defined-By: systemd
-- Support: http://www.ubuntu.com/support
-- 
-- Unit anacron.timer has finished starting up.
-- 
-- The start-up result is RESULT.
Oct 25 10:12:57 cisadmin-VirtualBox systemd[1]: Listening on Avahi mDNS/DNS-SD Stack Activation Socket.
-- Subject: Unit avahi-daemon.socket has finished start-up
-- Defined-By: systemd
-- Support: http://www.ubuntu.com/support
-- 
-- Unit avahi-daemon.socket has finished starting up.
-- 
-- The start-up result is RESULT.
Oct 25 10:12:57 cisadmin-VirtualBox systemd[1]: Started Message of the Day.
-- Subject: Unit motd-news.timer has finished start-up
-- Defined-By: systemd
-- Support: http://www.ubuntu.com/support
-- 
-- Unit motd-news.timer has finished starting up.
-- 
-- The start-up result is RESULT.
Oct 25 10:12:57 cisadmin-VirtualBox systemd[1]: Listening on CUPS Scheduler.
-- Subject: Unit cups.socket has finished start-up
-- Defined-By: systemd
-- Support: http://www.ubuntu.com/support
-- 
-- Unit cups.socket has finished starting up.
-- 
-- The start-up result is RESULT.
Oct 25 10:12:57 cisadmin-VirtualBox systemd[1]: Listening on UUID daemon activation socket.
-- Subject: Unit uuidd.socket has finished start-up
-- Defined-By: systemd
-- Support: http://www.ubuntu.com/support
-- 
-- Unit uuidd.socket has finished starting up.
-- 
-- The start-up result is RESULT.
Oct 25 10:12:57 cisadmin-VirtualBox systemd[1]: Started Daily apt upgrade and clean activities.
-- Subject: Unit apt-daily-upgrade.timer has finished start-up
-- Defined-By: systemd
-- Support: http://www.ubuntu.com/support
-- 
-- Unit apt-daily-upgrade.timer has finished starting up.
-- 
-- The start-up result is RESULT.
Oct 25 10:12:57 cisadmin-VirtualBox systemd[1]: Reached target Timers.
-- Subject: Unit timers.target has finished start-up
-- Defined-By: systemd
-- Support: http://www.ubuntu.com/support
-- 
-- Unit timers.target has finished starting up.
-- 
-- The start-up result is RESULT.
Oct 25 10:12:57 cisadmin-VirtualBox systemd[1]: Started Clevis systemd-ask-password Watcher.
-- Subject: Unit clevis-luks-askpass.path has finished start-up
-- Defined-By: systemd
-- Support: http://www.ubuntu.com/support
-- 
-- Unit clevis-luks-askpass.path has finished starting up.
-- 
-- The start-up result is RESULT.
Oct 25 10:12:57 cisadmin-VirtualBox systemd[1]: Reached target Remote File Systems (Pre).
-- Subject: Unit remote-fs-pre.target has finished start-up
-- Defined-By: systemd
-- Support: http://www.ubuntu.com/support
-- 
-- Unit remote-fs-pre.target has finished starting up.
-- 
-- The start-up result is RESULT.
Oct 25 10:12:57 cisadmin-VirtualBox systemd[1]: Reached target Remote File Systems.
-- Subject: Unit remote-fs.target has finished start-up
-- Defined-By: systemd
-- Support: http://www.ubuntu.com/support
-- 
-- Unit remote-fs.target has finished starting up.
-- 
-- The start-up result is RESULT.
Oct 25 10:12:57 cisadmin-VirtualBox systemd[1]: Starting Cryptography Setup for sda5_crypt...
-- Subject: Unit systemd-cryptsetup@sda5_crypt.service has begun start-up
-- Defined-By: systemd
-- Support: http://www.ubuntu.com/support
-- 
-- Unit systemd-cryptsetup@sda5_crypt.service has begun starting up.
Oct 25 10:12:57 cisadmin-VirtualBox systemd[1]: Listening on Tang Server socket.
-- Subject: Unit tangd.socket has finished start-up
-- Defined-By: systemd
-- Support: http://www.ubuntu.com/support
-- 
-- Unit tangd.socket has finished starting up.
-- 
-- The start-up result is RESULT.
Oct 25 10:12:57 cisadmin-VirtualBox systemd[1]: Started tangd-update.path.
-- Subject: Unit tangd-update.path has finished start-up
-- Defined-By: systemd
-- Support: http://www.ubuntu.com/support
-- 
-- Unit tangd-update.path has finished starting up.
-- 
-- The start-up result is RESULT.
Oct 25 10:12:57 cisadmin-VirtualBox systemd[1]: Reached target Paths.
-- Subject: Unit paths.target has finished start-up
-- Defined-By: systemd
-- Support: http://www.ubuntu.com/support
-- 
-- Unit paths.target has finished starting up.
-- 
-- The start-up result is RESULT.
Oct 25 10:12:57 cisadmin-VirtualBox systemd[1]: Listening on Socket activation for snappy daemon.
-- Subject: Unit snapd.socket has finished start-up
-- Defined-By: systemd
-- Support: http://www.ubuntu.com/support
-- 
-- Unit snapd.socket has finished starting up.
-- 
-- The start-up result is RESULT.
Oct 25 10:12:57 cisadmin-VirtualBox systemd[1]: Reached target Sockets.
-- Subject: Unit sockets.target has finished start-up
-- Defined-By: systemd
-- Support: http://www.ubuntu.com/support
-- 
-- Unit sockets.target has finished starting up.
-- 
-- The start-up result is RESULT.
Oct 25 10:12:57 cisadmin-VirtualBox systemd[1]: Reached target Basic System.
-- Subject: Unit basic.target has finished start-up
-- Defined-By: systemd
-- Support: http://www.ubuntu.com/support
-- 
-- Unit basic.target has finished starting up.
-- 
-- The start-up result is RESULT.
Oct 25 10:12:57 cisadmin-VirtualBox systemd[1]: Starting Thermal Daemon Service...
-- Subject: Unit thermald.service has begun start-up
-- Defined-By: systemd
-- Support: http://www.ubuntu.com/support
-- 
-- Unit thermald.service has begun starting up.
Oct 25 10:12:57 cisadmin-VirtualBox systemd[1]: Starting Dispatcher daemon for systemd-networkd...
-- Subject: Unit networkd-dispatcher.service has begun start-up
-- Defined-By: systemd
-- Support: http://www.ubuntu.com/support
-- 
-- Unit networkd-dispatcher.service has begun starting up.
Oct 25 10:12:57 cisadmin-VirtualBox systemd[1]: Starting System Logging Service...
-- Subject: Unit rsyslog.service has begun start-up
-- Defined-By: systemd
-- Support: http://www.ubuntu.com/support
-- 
-- Unit rsyslog.service has begun starting up.
Oct 25 10:12:57 cisadmin-VirtualBox systemd[1]: Started Run anacron jobs.
-- Subject: Unit anacron.service has finished start-up
-- Defined-By: systemd
-- Support: http://www.ubuntu.com/support
-- 
-- Unit anacron.service has finished starting up.
-- 
-- The start-up result is RESULT.
Oct 25 10:12:57 cisadmin-VirtualBox systemd[1]: Started D-Bus System Message Bus.
-- Subject: Unit dbus.service has finished start-up
-- Defined-By: systemd
-- Support: http://www.ubuntu.com/support
-- 
